ARM Linker, 4.1 [Build 713] [Professional]

==============================================================================

Section Cross References

    main.o(.text) refers to lcd.o(.text) for LCD_Clear
    main.o(.text) refers to touch.o(.text) for TP_Adjust
    main.o(.text) refers to delay.o(.text) for delay_ms
    main.o(.text) refers to sys.o(.text) for NVIC_Configuration
    main.o(.text) refers to usart.o(.text) for uart_init
    main.o(.text) refers to led.o(.text) for LED_Init
    main.o(.text) refers to flash.o(.text) for SPI_Flash_Init
    main.o(.text) refers to key.o(.text) for KEY_Init
    main.o(.text) refers to spi.o(.text) for SPI1_Init
    main.o(.text) refers to lcd.o(.data) for POINT_COLOR
    main.o(.text) refers to lcd.o(.bss) for lcddev
    main.o(.text) refers to main.o(.data) for state
    main.o(.text) refers to touch.o(.data) for tp_dev
    system_stm32f10x.o(.text) refers to system_stm32f10x.o(.data) for SystemCoreClock
    led.o(.text) refers to stm32f10x_rcc.o(.text) for RCC_APB2PeriphClockCmd
    led.o(.text) refers to stm32f10x_gpio.o(.text) for GPIO_Init
    key.o(.text) refers to stm32f10x_rcc.o(.text) for RCC_APB2PeriphClockCmd
    key.o(.text) refers to stm32f10x_gpio.o(.text) for GPIO_Init
    key.o(.text) refers to delay.o(.text) for delay_ms
    key.o(.text) refers to key.o(.data) for key_up
    lcd.o(.text) refers to stm32f10x_gpio.o(.text) for GPIO_ResetBits
    lcd.o(.text) refers to spi.o(.text) for SPI_WriteByte
    lcd.o(.text) refers to delay.o(.text) for delay_ms
    lcd.o(.text) refers to lcd.o(.bss) for lcddev
    lcd.o(.text) refers to lcd.o(.data) for POINT_COLOR
    lcd.o(.text) refers to lcd.o(.constdata) for hanzi16
    myiic.o(.text) refers to stm32f10x_rcc.o(.text) for RCC_APB2PeriphClockCmd
    myiic.o(.text) refers to stm32f10x_gpio.o(.text) for GPIO_Init
    myiic.o(.text) refers to delay.o(.text) for delay_us
    24cxx.o(.text) refers to myiic.o(.text) for IIC_Init
    24cxx.o(.text) refers to delay.o(.text) for delay_ms
    spi.o(.text) refers to stm32f10x_rcc.o(.text) for RCC_APB2PeriphClockCmd
    spi.o(.text) refers to stm32f10x_gpio.o(.text) for GPIO_Init
    spi.o(.text) refers to stm32f10x_spi.o(.text) for SPI_Init
    flash.o(.text) refers to spi.o(.text) for SPI2_ReadWriteByte
    flash.o(.text) refers to stm32f10x_rcc.o(.text) for RCC_APB2PeriphClockCmd
    flash.o(.text) refers to stm32f10x_gpio.o(.text) for GPIO_Init
    flash.o(.text) refers to delay.o(.text) for delay_us
    flash.o(.text) refers to flash.o(.data) for SPI_FLASH_TYPE
    flash.o(.text) refers to flash.o(.bss) for SPI_FLASH_BUF
    touch.o(.text) refers to delay.o(.text) for delay_us
    touch.o(.text) refers to lcd.o(.text) for LCD_DrawLine
    touch.o(.text) refers to fflt_clz.o(x$fpl$fflt) for __aeabi_i2f
    touch.o(.text) refers to fflt_clz.o(x$fpl$ffltu) for __aeabi_ui2f
    touch.o(.text) refers to fmul.o(x$fpl$fmul) for __aeabi_fmul
    touch.o(.text) refers to faddsub_clz.o(x$fpl$fadd) for __aeabi_fadd
    touch.o(.text) refers to ffixu.o(x$fpl$ffixu) for __aeabi_f2uiz
    touch.o(.text) refers to touch.o(.data) for CMD_RDX
    touch.o(.text) refers to lcd.o(.data) for POINT_COLOR
    touch.o(.text) refers to ffix.o(x$fpl$ffix) for __aeabi_f2iz
    touch.o(.text) refers to flash.o(.text) for SPI_Flash_Write
    touch.o(.text) refers to fdiv.o(x$fpl$fdiv) for __aeabi_fdiv
    touch.o(.text) refers to lcd.o(.bss) for lcddev
    touch.o(.text) refers to dflt_clz.o(x$fpl$dfltu) for __aeabi_ui2d
    touch.o(.text) refers to sqrt.o(i.sqrt) for sqrt
    touch.o(.text) refers to dfixu.o(x$fpl$dfixu) for __aeabi_d2uiz
    touch.o(.text) refers to f2d.o(x$fpl$f2d) for __aeabi_f2d
    touch.o(.text) refers to dleqf.o(x$fpl$dleqf) for __aeabi_cdcmple
    touch.o(.text) refers to drleqf.o(x$fpl$drleqf) for __aeabi_cdrcmple
    touch.o(.text) refers to faddsub_clz.o(x$fpl$fsub) for __aeabi_fsub
    touch.o(.text) refers to stm32f10x_rcc.o(.text) for RCC_APB2PeriphClockCmd
    touch.o(.text) refers to stm32f10x_gpio.o(.text) for GPIO_Init
    touch.o(.data) refers to touch.o(.text) for TP_Init
    touch.o(.data) refers to touch.o(.conststring) for .conststring
    delay.o(.text) refers to misc.o(.text) for SysTick_CLKSourceConfig
    delay.o(.text) refers to system_stm32f10x.o(.data) for SystemCoreClock
    delay.o(.text) refers to delay.o(.data) for fac_us
    sys.o(.text) refers to misc.o(.text) for NVIC_PriorityGroupConfig
    usart.o(.text) refers (Special) to use_no_semi_2.o(.text) for __use_no_semihosting
    usart.o(.text) refers to stm32f10x_rcc.o(.text) for RCC_APB2PeriphClockCmd
    usart.o(.text) refers to stm32f10x_usart.o(.text) for USART_DeInit
    usart.o(.text) refers to stm32f10x_gpio.o(.text) for GPIO_Init
    usart.o(.text) refers to misc.o(.text) for NVIC_Init
    usart.o(.text) refers to usart.o(.data) for USART_RX_STA
[...]
    dcmpi.o(x$fpl$dcmpinf) refers (Special) to usenofp.o(x$fpl$usenofp) for __I$use$fp
    dnaninf.o(x$fpl$dnaninf) refers (Special) to usenofp.o(x$fpl$usenofp) for __I$use$fp
    dretinf.o(x$fpl$dretinf) refers (Special) to usenofp.o(x$fpl$usenofp) for __I$use$fp
    dsqrt_noumaal.o(x$fpl$dsqrt) refers (Special) to usenofp.o(x$fpl$usenofp) for __I$use$fp
    dsqrt_noumaal.o(x$fpl$dsqrt) refers to dnaninf.o(x$fpl$dnaninf) for __fpl_dnaninf
    fnaninf.o(x$fpl$fnaninf) refers (Special) to usenofp.o(x$fpl$usenofp) for __I$use$fp
    fretinf.o(x$fpl$fretinf) refers (Special) to usenofp.o(x$fpl$usenofp) for __I$use$fp
    rtentry2.o(.ARM.Collect$$rtentry$$00000008) refers to boardinit2.o(.text) for _platform_post_stackheap_init
    rtentry2.o(.ARM.Collect$$rtentry$$0000000A) refers to libinit.o(.ARM.Collect$$libinit$$00000000) for __rt_lib_init
    rtentry2.o(.ARM.Collect$$rtentry$$0000000B) refers to boardinit3.o(.text) for _platform_post_lib_init
    rtentry2.o(.ARM.Collect$$rtentry$$0000000D) refers to main.o(.text) for main
    rtentry2.o(.ARM.Collect$$rtentry$$0000000D) refers to exit.o(.text) for exit
    rtentry2.o(.ARM.exidx) refers to rtentry2.o(.ARM.Collect$$rtentry$$00000001) for .ARM.Collect$$rtentry$$00000001
    rtentry2.o(.ARM.exidx) refers to rtentry2.o(.ARM.Collect$$rtentry$$00000002) for .ARM.Collect$$rtentry$$00000002
    rtentry2.o(.ARM.exidx) refers to rtentry2.o(.ARM.Collect$$rtentry$$00000008) for .ARM.Collect$$rtentry$$00000008
    rtentry2.o(.ARM.exidx) refers to rtentry2.o(.ARM.Collect$$rtentry$$00000009) for .ARM.Collect$$rtentry$$00000009
    rtentry2.o(.ARM.exidx) refers to rtentry2.o(.ARM.Collect$$rtentry$$0000000A) for .ARM.Collect$$rtentry$$0000000A
    rtentry2.o(.ARM.exidx) refers to rtentry2.o(.ARM.Collect$$rtentry$$0000000B) for .ARM.Collect$$rtentry$$0000000B
    rtentry2.o(.ARM.exidx) refers to rtentry2.o(.ARM.Collect$$rtentry$$0000000C) for .ARM.Collect$$rtentry$$0000000C
    rtentry2.o(.ARM.exidx) refers to rtentry2.o(.ARM.Collect$$rtentry$$0000000D) for .ARM.Collect$$rtentry$$0000000D
    rtentry4.o(.ARM.Collect$$rtentry$$00000004) refers to sys_stackheap_outer.o(.text) for __user_setup_stackheap
    rtentry4.o(.ARM.exidx) refers to rtentry4.o(.ARM.Collect$$rtentry$$00000004) for .ARM.Collect$$rtentry$$00000004
    rt_errno_addr.o(.text) refers to rt_errno_addr.o(.bss) for __aeabi_errno_addr_data
    rt_errno_addr_intlibspace.o(.text) refers to libspace.o(.bss) for __libspace_start
    libspace.o(.text) refers to libspace.o(.bss) for __libspace_start
    sys_stackheap_outer.o(.text) refers to libspace.o(.text) for __user_perproc_libspace
    sys_stackheap_outer.o(.text) refers to startup_stm32f10x_hd.o(.text) for __user_initial_stackheap
    exit.o(.text) refers to rtexit.o(.ARM.Collect$$rtexit$$00000000) for __rt_exit
    libinit.o(.ARM.Collect$$libinit$$00000000) refers (Special) to libinit2.o(.ARM.Collect$$libinit$$0000002A) for __rt_lib_init_alloca_1
    libinit.o(.ARM.Collect$$libinit$$00000000) refers (Special) to libinit2.o(.ARM.Collect$$libinit$$00000028) for __rt_lib_init_argv_1
    libinit.o(.ARM.Collect$$libinit$$00000000) refers (Special) to libinit2.o(.ARM.Collect$$libinit$$00000017) for __rt_lib_init_atexit_1
    libinit.o(.ARM.Collect$$libinit$$00000000) refers (Special) to libinit2.o(.ARM.Collect$$libinit$$0000001D) for __rt_lib_init_clock_1
    libinit.o(.ARM.Collect$$libinit$$00000000) refers (Special) to libinit2.o(.ARM.Collect$$libinit$$0000002E) for __rt_lib_init_cpp_1
    libinit.o(.ARM.Collect$$libinit$$00000000) refers (Special) to libinit2.o(.ARM.Collect$$libinit$$0000002C) for __rt_lib_init_exceptions_1
    libinit.o(.ARM.Collect$$libinit$$00000000) refers (Special) to libinit2.o(.ARM.Collect$$libinit$$0000001B) for __rt_lib_init_fp_trap_1
    libinit.o(.ARM.Collect$$libinit$$00000000) refers (Special) to libinit2.o(.ARM.Collect$$libinit$$0000001F) for __rt_lib_init_getenv_1
    libinit.o(.ARM.Collect$$libinit$$00000000) refers (Special) to libinit2.o(.ARM.Collect$$libinit$$00000006) for __rt_lib_init_heap_1
    libinit.o(.ARM.Collect$$libinit$$00000000) refers (Special) to libinit2.o(.ARM.Collect$$libinit$$0000000D) for __rt_lib_init_lc_collate_1
    libinit.o(.ARM.Collect$$libinit$$00000000) refers (Special) to libinit2.o(.ARM.Collect$$libinit$$0000000F) for __rt_lib_init_lc_ctype_1
    libinit.o(.ARM.Collect$$libinit$$00000000) refers (Special) to libinit2.o(.ARM.Collect$$libinit$$00000011) for __rt_lib_init_lc_monetary_1
    libinit.o(.ARM.Collect$$libinit$$00000000) refers (Special) to libinit2.o(.ARM.Collect$$libinit$$00000013) for __rt_lib_init_lc_numeric_1
    libinit.o(.ARM.Collect$$libinit$$00000000) refers (Special) to libinit2.o(.ARM.Collect$$libinit$$00000015) for __rt_lib_init_lc_time_1
    libinit.o(.ARM.Collect$$libinit$$00000000) refers (Special) to libinit2.o(.ARM.Collect$$libinit$$0000000A) for __rt_lib_init_rand_1
    libinit.o(.ARM.Collect$$libinit$$00000000) refers (Special) to libinit2.o(.ARM.Collect$$libinit$$0000002F) for __rt_lib_init_return
    libinit.o(.ARM.Collect$$libinit$$00000000) refers (Special) to libinit2.o(.ARM.Collect$$libinit$$00000019) for __rt_lib_init_signal_1
    libinit.o(.ARM.Collect$$libinit$$00000000) refers (Special) to libinit2.o(.ARM.Collect$$libinit$$00000021) for __rt_lib_init_stdio_1
    libinit.o(.ARM.Collect$$libinit$$00000000) refers (Special) to libinit2.o(.ARM.Collect$$libinit$$00000008) for __rt_lib_init_user_alloc_1
    libinit.o(.ARM.Collect$$libinit$$00000000) refers to fpinit.o(x$fpl$fpinit) for _fp_init
    rtexit.o(.ARM.Collect$$rtexit$$00000000) refers (Special) to rtexit2.o(.ARM.Collect$$rtexit$$00000004) for __rt_exit_exit
    rtexit.o(.ARM.Collect$$rtexit$$00000000) refers (Special) to rtexit2.o(.ARM.Collect$$rtexit$$00000003) for __rt_exit_ls
    rtexit.o(.ARM.Collect$$rtexit$$00000000) refers (Special) to rtexit2.o(.ARM.Collect$$rtexit$$00000002) for __rt_exit_prels_1
    rtexit.o(.ARM.exidx) refers (Special) to rtexit2.o(.ARM.Collect$$rtexit$$00000004) for __rt_exit_exit
    rtexit.o(.ARM.exidx) refers (Special) to rtexit2.o(.ARM.Collect$$rtexit$$00000003) for __rt_exit_ls
    rtexit.o(.ARM.exidx) refers (Special) to rtexit2.o(.ARM.Collect$$rtexit$$00000002) for __rt_exit_prels_1
    rtexit.o(.ARM.exidx) refers to rtexit.o(.ARM.Collect$$rtexit$$00000000) for .ARM.Collect$$rtexit$$00000000
    libinit2.o(.ARM.Collect$$libinit$$0000000C) refers to libinit2.o(.ARM.Collect$$libinit$$0000000B) for .ARM.Collect$$libinit$$0000000B
    libinit2.o(.ARM.Collect$$libinit$$0000000E) refers to libinit2.o(.ARM.Collect$$libinit$$0000000B) for .ARM.Collect$$libinit$$0000000B
    libinit2.o(.ARM.Collect$$libinit$$00000010) refers to libinit2.o(.ARM.Collect$$libinit$$0000000B) for .ARM.Collect$$libinit$$0000000B
    libinit2.o(.ARM.Collect$$libinit$$00000012) refers to libinit2.o(.ARM.Collect$$libinit$$0000000B) for .ARM.Collect$$libinit$$0000000B
    libinit2.o(.ARM.Collect$$libinit$$00000014) refers to libinit2.o(.ARM.Collect$$libinit$$0000000B) for .ARM.Collect$$libinit$$0000000B
    libinit2.o(.ARM.Collect$$libinit$$00000022) refers to argv_veneer.o(.emb_text) for __ARM_argv_veneer
    libinit2.o(.ARM.Collect$$libinit$$00000023) refers to argv_veneer.o(.emb_text) for __ARM_argv_veneer
    fpinit.o(x$fpl$fpinit) refers to rt_fp_status_addr_intlibspace.o(.text) for __rt_fp_status_addr
    rtexit2.o(.ARM.Collect$$rtexit$$00000003) refers to libshutdown.o(.ARM.Collect$$libshutdown$$00000000) for __rt_lib_shutdown
    rtexit2.o(.ARM.Collect$$rtexit$$00000004) refers to usart.o(.text) for _sys_exit
    rtexit2.o(.ARM.exidx) refers to rtexit2.o(.ARM.Collect$$rtexit$$00000001) for .ARM.Collect$$rtexit$$00000001
    rtexit2.o(.ARM.exidx) refers to rtexit2.o(.ARM.Collect$$rtexit$$00000002) for .ARM.Collect$$rtexit$$00000002
    rtexit2.o(.ARM.exidx) refers to rtexit2.o(.ARM.Collect$$rtexit$$00000003) for .ARM.Collect$$rtexit$$00000003
    rtexit2.o(.ARM.exidx) refers to rtexit2.o(.ARM.Collect$$rtexit$$00000004) for .ARM.Collect$$rtexit$$00000004
    rt_fp_status_addr.o(.text) refers to rt_fp_status_addr.o(.bss) for __rt_fp_status_addr_data
    rt_fp_status_addr_intlibspace.o(.text) refers to libspace.o(.bss) for __libspace_start
    argv_veneer.o(.emb_text) refers to no_argv.o(.text) for __ARM_get_argv
    _get_argv_nomalloc.o(.text) refers (Special) to hrguard.o(.text) for __heap_region$guard
    _get_argv_nomalloc.o(.text) refers to defsig_rtmem_outer.o(.text) for __rt_SIGRTMEM
    _get_argv_nomalloc.o(.text) refers to sys_command.o(.text) for _sys_command_string
    libshutdown.o(.ARM.Collect$$libshutdown$$00000000) refers (Special) to libshutdown2.o(.ARM.Collect$$libshutdown$$00000006) for __rt_lib_shutdown_fp_trap_1
    libshutdown.o(.ARM.Collect$$libshutdown$$00000000) refers (Special) to libshutdown2.o(.ARM.Collect$$libshutdown$$0000000E) for __rt_lib_shutdown_heap_1
    libshutdown.o(.ARM.Collect$$libshutdown$$00000000) refers (Special) to libshutdown2.o(.ARM.Collect$$libshutdown$$0000000F) for __rt_lib_shutdown_return
    libshutdown.o(.ARM.Collect$$libshutdown$$00000000) refers (Special) to libshutdown2.o(.ARM.Collect$$libshutdown$$00000009) for __rt_lib_shutdown_signal_1
    libshutdown.o(.ARM.Collect$$libshutdown$$00000000) refers (Special) to libshutdown2.o(.ARM.Collect$$libshutdown$$00000003) for __rt_lib_shutdown_stdio_1
    libshutdown.o(.ARM.Collect$$libshutdown$$00000000) refers (Special) to libshutdown2.o(.ARM.Collect$$libshutdown$$0000000B) for __rt_lib_shutdown_user_alloc_1
    sys_command.o(.text) refers (Special) to use_no_semi.o(.text) for __I$use$semihosting
    sys_command.o(.text) refers (Special) to indicate_semi.o(.text) for __semihosting_library_function
    defsig_rtmem_outer.o(.text) refers to defsig_rtmem_inner.o(.text) for __rt_SIGRTMEM_inner
    defsig_rtmem_outer.o(.text) refers to defsig_exit.o(.text) for __sig_exit
    defsig_rtmem_formal.o(.text) refers to rt_raise.o(.text) for __rt_raise
    rt_raise.o(.text) refers to __raise.o(.text) for __raise
    rt_raise.o(.text) refers to usart.o(.text) for _sys_exit
    defsig_exit.o(.text) refers to usart.o(.text) for _sys_exit
    defsig_rtmem_inner.o(.text) refers to defsig_general.o(.text) for __default_signal_display
    __raise.o(.text) refers to defsig.o(CL$$defsig) for __default_signal_handler
    defsig_general.o(.text) refers to sys_wrch.o(.text) for _ttywrch
    sys_wrch.o(.text) refers (Special) to use_no_semi.o(.text) for __I$use$semihosting
    sys_wrch.o(.text) refers (Special) to indicate_semi.o(.text) for __semihosting_library_function
    defsig.o(CL$$defsig) refers to defsig_rtmem_inner.o(.text) for __rt_SIGRTMEM_inner
    defsig_abrt_inner.o(.text) refers to defsig_general.o(.text) for __default_signal_display
    defsig_fpe_inner.o(.text) refers to defsig_general.o(.text) for __default_signal_display
    defsig_rtred_inner.o(.text) refers to defsig_general.o(.text) for __default_signal_display
    defsig_stak_inner.o(.text) refers to defsig_general.o(.text) for __default_signal_display
    defsig_pvfn_inner.o(.text) refers to defsig_general.o(.text) for __default_signal_display
    defsig_cppl_inner.o(.text) refers to defsig_general.o(.text) for __default_signal_display
    defsig_segv_inner.o(.text) refers to defsig_general.o(.text) for __default_signal_display
    defsig_other.o(.text) refers to defsig_general.o(.text) for __default_signal_display


==============================================================================

Removing Unused input sections from the image.

    Removing myiic.o(.text), (704 bytes).
    Removing 24cxx.o(.text), (402 bytes).
    Removing core_cm3.o(.emb_text), (32 bytes).
    Removing stm32f10x_fsmc.o(.text), (1672 bytes).

4 unused section(s) (total 2810 bytes) removed from the image.

==============================================================================

Image Symbol Table

    Local Symbols

    Symbol Name                              Value     Ov Type        Size  Object(Section)

    ../../angel/boardlib.s                   0x00000000   Number         0  boardinit3.o ABSOLUTE
    ../../angel/boardlib.s                   0x00000000   Number         0  boardinit1.o ABSOLUTE
    ../../angel/boardlib.s                   0x00000000   Number         0  boardshut.o ABSOLUTE
    ../../angel/boardlib.s                   0x00000000   Number         0  boardinit2.o ABSOLUTE
    ../../angel/handlers.s                   0x00000000   Number         0  __scatter_zi.o ABSOLUTE
    ../../angel/handlers.s                   0x00000000   Number         0  __scatter_copy.o ABSOLUTE
    ../../angel/kernel.s                     0x00000000   Number         0  rtentry2.o ABSOLUTE
    ../../angel/kernel.s                     0x00000000   Number         0  rtexit.o ABSOLUTE
    ../../angel/kernel.s                     0x00000000   Number         0  rtexit2.o ABSOLUTE
    ../../angel/kernel.s                     0x00000000   Number         0  rtentry.o ABSOLUTE
    ../../angel/kernel.s                     0x00000000   Number         0  rtentry4.o ABSOLUTE
    ../../angel/rt.s                         0x00000000   Number         0  rt_raise.o ABSOLUTE
    ../../angel/rt.s                         0x00000000   Number         0  rt_fp_status_addr.o ABSOLUTE
    ../../angel/rt.s                         0x00000000   Number         0  rt_fp_status_addr_intlibspace.o ABSOLUTE
    ../../angel/rt.s                         0x00000000   Number         0  rt_errno_addr_intlibspace.o ABSOLUTE
    ../../angel/rt.s                         0x00000000   Number         0  rt_errno_addr.o ABSOLUTE
    ../../angel/scatter.s                    0x00000000   Number         0  __scatter.o ABSOLUTE
    ../../angel/startup.s                    0x00000000   Number         0  __main.o ABSOLUTE
    ../../angel/sys.s                        0x00000000   Number         0  libspace.o ABSOLUTE
    ../../angel/sys.s                        0x00000000   Number         0  indicate_semi.o ABSOLUTE
    ../../angel/sys.s                        0x00000000   Number         0  use_no_semi.o ABSOLUTE
    ../../angel/sys.s                        0x00000000   Number         0  use_no_semi_2.o ABSOLUTE
    ../../angel/sys.s                        0x00000000   Number         0  sys_stackheap_outer.o ABSOLUTE
    ../../angel/sysapp.c                     0x00000000   Number         0  sys_wrch.o ABSOLUTE
    ../../angel/sysapp.c                     0x00000000   Number         0  sys_command.o ABSOLUTE
    ../../armsys.c                           0x00000000   Number         0  _get_argv_nomalloc.o ABSOLUTE
    ../../armsys.c                           0x00000000   Number         0  no_argv.o ABSOLUTE
    ../../armsys.c                           0x00000000   Number         0  argv_veneer.o ABSOLUTE
    ../../armsys.c                           0x00000000   Number         0  argv_veneer.o ABSOLUTE
    ../../dcmpi.s                            0x00000000   Number         0  dcmpi.o ABSOLUTE
    ../../dfixu.s                            0x00000000   Number         0  dfixu.o ABSOLUTE
    ../../dflt.s                             0x00000000   Number         0  dflt_clz.o ABSOLUTE
    ../../dleqf.s                            0x00000000   Number         0  dleqf.o ABSOLUTE
    ../../dnaninf.s                          0x00000000   Number         0  dnaninf.o ABSOLUTE
    ../../dretinf.s                          0x00000000   Number         0  dretinf.o ABSOLUTE
    ../../drleqf.s                           0x00000000   Number         0  drleqf.o ABSOLUTE
    ../../dsqrt.s                            0x00000000   Number         0  dsqrt_noumaal.o ABSOLUTE
    ../../f2d.s                              0x00000000   Number         0  f2d.o ABSOLUTE
    ../../faddsub.s                          0x00000000   Number         0  faddsub_clz.o ABSOLUTE
    ../../fdiv.s                             0x00000000   Number         0  fdiv.o ABSOLUTE
    ../../fenv.c                             0x00000000   Number         0  _rserrno.o ABSOLUTE
    ../../ffix.s                             0x00000000   Number         0  ffix.o ABSOLUTE
    ../../ffixu.s                            0x00000000   Number         0  ffixu.o ABSOLUTE
    ../../fflt.s                             0x00000000   Number         0  fflt_clz.o ABSOLUTE
    ../../fmul.s                             0x00000000   Number         0  fmul.o ABSOLUTE
    ../../fnaninf.s                          0x00000000   Number         0  fnaninf.o ABSOLUTE
    ../../fpinit.s                           0x00000000   Number         0  fpinit.o ABSOLUTE
    ../../fretinf.s                          0x00000000   Number         0  fretinf.o ABSOLUTE
    ../../heapalloc.c                        0x00000000   Number         0  hrguard.o ABSOLUTE
    ../../heapaux.c                          0x00000000   Number         0  heapauxi.o ABSOLUTE
    ../../libinit.s                          0x00000000   Number         0  libinit.o ABSOLUTE
    ../../libinit.s                          0x00000000   Number         0  libinit2.o ABSOLUTE
    ../../libinit.s                          0x00000000   Number         0  libshutdown.o ABSOLUTE
    ../../libinit.s                          0x00000000   Number         0  libshutdown2.o ABSOLUTE
    ../../signal.c                           0x00000000   Number         0  defsig_pvfn_inner.o ABSOLUTE
    ../../signal.c                           0x00000000   Number         0  defsig_stak_inner.o ABSOLUTE
    ../../signal.c                           0x00000000   Number         0  defsig_rtred_inner.o ABSOLUTE
    ../../signal.c                           0x00000000   Number         0  defsig_fpe_inner.o ABSOLUTE
    ../../signal.c                           0x00000000   Number         0  defsig_general.o ABSOLUTE
    ../../signal.c                           0x00000000   Number         0  __raise.o ABSOLUTE
    ../../signal.c                           0x00000000   Number         0  defsig_rtmem_inner.o ABSOLUTE
    ../../signal.c                           0x00000000   Number         0  defsig_abrt_inner.o ABSOLUTE
    ../../signal.c                           0x00000000   Number         0  defsig_rtmem_formal.o ABSOLUTE
    ../../signal.c                           0x00000000   Number         0  defsig_rtmem_outer.o ABSOLUTE
    ../../signal.c                           0x00000000   Number         0  defsig_exit.o ABSOLUTE
    ../../signal.c                           0x00000000   Number         0  defsig_other.o ABSOLUTE
    ../../signal.c                           0x00000000   Number         0  defsig_segv_inner.o ABSOLUTE
    ../../signal.c                           0x00000000   Number         0  defsig_cppl_inner.o ABSOLUTE
    ../../signal.s                           0x00000000   Number         0  defsig.o ABSOLUTE
    ../../sqrt.c                             0x00000000   Number         0  sqrt_x.o ABSOLUTE
    ../../sqrt.c                             0x00000000   Number         0  sqrt.o ABSOLUTE
    ../../stdlib.c                           0x00000000   Number         0  exit.o ABSOLUTE
    ../../usenofp.s                          0x00000000   Number         0  usenofp.o ABSOLUTE
    ..\CORE\core_cm3.c                       0x00000000   Number         0  core_cm3.o ABSOLUTE
    ..\CORE\startup_stm32f10x_hd.s           0x00000000   Number         0  startup_stm32f10x_hd.o ABSOLUTE
    ..\HARDWARE\24CXX\24cxx.c                0x00000000   Number         0  24cxx.o ABSOLUTE
    ..\HARDWARE\FLASH\flash.c                0x00000000   Number         0  flash.o ABSOLUTE
    ..\HARDWARE\IIC\myiic.c                  0x00000000   Number         0  myiic.o ABSOLUTE
    ..\HARDWARE\KEY\key.c                    0x00000000   Number         0  key.o ABSOLUTE
    ..\HARDWARE\LCD\lcd.c                    0x00000000   Number         0  lcd.o ABSOLUTE
    ..\HARDWARE\LED\led.c                    0x00000000   Number         0  led.o ABSOLUTE
    ..\HARDWARE\SPI\spi.c                    0x00000000   Number         0  spi.o ABSOLUTE
    ..\HARDWARE\TOUCH\touch.c                0x00000000   Number         0  touch.o ABSOLUTE
    ..\STM32F10x_FWLib\src\misc.c            0x00000000   Number         0  misc.o ABSOLUTE
    ..\STM32F10x_FWLib\src\stm32f10x_fsmc.c  0x00000000   Number         0  stm32f10x_fsmc.o ABSOLUTE
    ..\STM32F10x_FWLib\src\stm32f10x_gpio.c  0x00000000   Number         0  stm32f10x_gpio.o ABSOLUTE
    ..\STM32F10x_FWLib\src\stm32f10x_rcc.c   0x00000000   Number         0  stm32f10x_rcc.o ABSOLUTE
    ..\STM32F10x_FWLib\src\stm32f10x_spi.c   0x00000000   Number         0  stm32f10x_spi.o ABSOLUTE
    ..\STM32F10x_FWLib\src\stm32f10x_usart.c 0x00000000   Number         0  stm32f10x_usart.o ABSOLUTE
    ..\SYSTEM\delay\delay.c                  0x00000000   Number         0  delay.o ABSOLUTE
    ..\SYSTEM\sys\sys.c                      0x00000000   Number         0  sys.o ABSOLUTE
    ..\SYSTEM\usart\usart.c                  0x00000000   Number         0  usart.o ABSOLUTE
    ..\\CORE\\core_cm3.c                     0x00000000   Number         0  core_cm3.o ABSOLUTE
    dc.s                                     0x00000000   Number         0  dc.o ABSOLUTE
    main.c                                   0x00000000   Number         0  main.o ABSOLUTE
    stm32f10x_it.c                           0x00000000   Number         0  stm32f10x_it.o ABSOLUTE
    system_stm32f10x.c                       0x00000000   Number         0  system_stm32f10x.o ABSOLUTE
    RESET                                    0x08000000   Section      304  startup_stm32f10x_hd.o(RESET)
    !!!main                                  0x08000130   Section        8  __main.o(!!!main)
    !!!scatter                               0x08000138   Section       52  __scatter.o(!!!scatter)
    !!handler_copy                           0x0800016c   Section       26  __scatter_copy.o(!!handler_copy)
    !!handler_zi                             0x08000188   Section       28  __scatter_zi.o(!!handler_zi)
    .ARM.Collect$$libinit$$00000000          0x080001a4   Section        6  libinit.o(.ARM.Collect$$libinit$$00000000)
    .ARM.Collect$$libinit$$00000006          0x080001aa   Section        0  libinit2.o(.ARM.Collect$$libinit$$00000006)
    .ARM.Collect$$libinit$$00000008          0x080001aa   Section        0  libinit2.o(.ARM.Collect$$libinit$$00000008)
    .ARM.Collect$$libinit$$0000000A          0x080001aa   Section        0  libinit2.o(.ARM.Collect$$libinit$$0000000A)
    .ARM.Collect$$libinit$$0000000D          0x080001aa   Section        0  libinit2.o(.ARM.Collect$$libinit$$0000000D)
    .ARM.Collect$$libinit$$0000000F          0x080001aa   Section        0  libinit2.o(.ARM.Collect$$libinit$$0000000F)
    .ARM.Collect$$libinit$$00000011          0x080001aa   Section        0  libinit2.o(.ARM.Collect$$libinit$$00000011)
    .ARM.Collect$$libinit$$00000013          0x080001aa   Section        0  libinit2.o(.ARM.Collect$$libinit$$00000013)
    .ARM.Collect$$libinit$$00000015          0x080001aa   Section        0  libinit2.o(.ARM.Collect$$libinit$$00000015)
    .ARM.Collect$$libinit$$00000017          0x080001aa   Section        0  libinit2.o(.ARM.Collect$$libinit$$00000017)
    .ARM.Collect$$libinit$$00000019          0x080001aa   Section        0  libinit2.o(.ARM.Collect$$libinit$$00000019)
    .ARM.Collect$$libinit$$0000001B          0x080001aa   Section        0  libinit2.o(.ARM.Collect$$libinit$$0000001B)
    .ARM.Collect$$libinit$$0000001D          0x080001aa   Section        0  libinit2.o(.ARM.Collect$$libinit$$0000001D)
    .ARM.Collect$$libinit$$0000001F          0x080001aa   Section        0  libinit2.o(.ARM.Collect$$libinit$$0000001F)
    .ARM.Collect$$libinit$$00000021          0x080001aa   Section        0  libinit2.o(.ARM.Collect$$libinit$$00000021)
    .ARM.Collect$$libinit$$00000028          0x080001aa   Section        0  libinit2.o(.ARM.Collect$$libinit$$00000028)
    .ARM.Collect$$libinit$$0000002A          0x080001aa   Section        0  libinit2.o(.ARM.Collect$$libinit$$0000002A)
    .ARM.Collect$$libinit$$0000002C          0x080001aa   Section        0  libinit2.o(.ARM.Collect$$libinit$$0000002C)
    .ARM.Collect$$libinit$$0000002E          0x080001aa   Section        0  libinit2.o(.ARM.Collect$$libinit$$0000002E)
    .ARM.Collect$$libinit$$0000002F          0x080001aa   Section        2  libinit2.o(.ARM.Collect$$libinit$$0000002F)
    .ARM.Collect$$libshutdown$$00000000      0x080001ac   Section        2  libshutdown.o(.ARM.Collect$$libshutdown$$00000000)
    .ARM.Collect$$libshutdown$$00000003      0x080001ae   Section        0  libshutdown2.o(.ARM.Collect$$libshutdown$$00000003)
    .ARM.Collect$$libshutdown$$00000006      0x080001ae   Section        0  libshutdown2.o(.ARM.Collect$$libshutdown$$00000006)
    .ARM.Collect$$libshutdown$$00000009      0x080001ae   Section        0  libshutdown2.o(.ARM.Collect$$libshutdown$$00000009)
    .ARM.Collect$$libshutdown$$0000000B      0x080001ae   Section        0  libshutdown2.o(.ARM.Collect$$libshutdown$$0000000B)
    .ARM.Collect$$libshutdown$$0000000E      0x080001ae   Section        0  libshutdown2.o(.ARM.Collect$$libshutdown$$0000000E)
    .ARM.Collect$$libshutdown$$0000000F      0x080001ae   Section        2  libshutdown2.o(.ARM.Collect$$libshutdown$$0000000F)
    .ARM.Collect$$rtentry$$00000000          0x080001b0   Section        0  rtentry.o(.ARM.Collect$$rtentry$$00000000)
    .ARM.Collect$$rtentry$$00000002          0x080001b0   Section        0  rtentry2.o(.ARM.Collect$$rtentry$$00000002)
    .ARM.Collect$$rtentry$$00000004          0x080001b0   Section        6  rtentry4.o(.ARM.Collect$$rtentry$$00000004)
    .ARM.Collect$$rtentry$$00000009          0x080001b6   Section        0  rtentry2.o(.ARM.Collect$$rtentry$$00000009)
    .ARM.Collect$$rtentry$$0000000A          0x080001b6   Section        4  rtentry2.o(.ARM.Collect$$rtentry$$0000000A)
    .ARM.Collect$$rtentry$$0000000C          0x080001ba   Section        0  rtentry2.o(.ARM.Collect$$rtentry$$0000000C)
    .ARM.Collect$$rtentry$$0000000D          0x080001ba   Section        8  rtentry2.o(.ARM.Collect$$rtentry$$0000000D)
    .ARM.Collect$$rtexit$$00000000           0x080001c2   Section        2  rtexit.o(.ARM.Collect$$rtexit$$00000000)
    .ARM.Collect$$rtexit$$00000002           0x080001c4   Section        0  rtexit2.o(.ARM.Collect$$rtexit$$00000002)
    .ARM.Collect$$rtexit$$00000003           0x080001c4   Section        4  rtexit2.o(.ARM.Collect$$rtexit$$00000003)
    .ARM.Collect$$rtexit$$00000004           0x080001c8   Section        6  rtexit2.o(.ARM.Collect$$rtexit$$00000004)
    .text                                    0x080001d0   Section        0  main.o(.text)
    .text                                    0x080004b4   Section        0  stm32f10x_it.o(.text)
    .text                                    0x080004d0   Section        0  system_stm32f10x.o(.text)
    SetSysClockTo72                          0x080004d1   Thumb Code   200  system_stm32f10x.o(.text)
    SetSysClock                              0x08000599   Thumb Code     8  system_stm32f10x.o(.text)
    .text                                    0x080006b0   Section        0  led.o(.text)
    .text                                    0x08000724   Section        0  key.o(.text)
    .text                                    0x08000830   Section        0  lcd.o(.text)
    .text                                    0x08001320   Section        0  spi.o(.text)
    .text                                    0x08001578   Section        0  flash.o(.text)
    .text                                    0x08001964   Section        0  touch.o(.text)
    .text                                    0x0800299c   Section        0  delay.o(.text)
    .text                                    0x08002a70   Section        0  sys.o(.text)
    .text                                    0x08002b04   Section        0  usart.o(.text)
    .text                                    0x08002c64   Section       64  startup_stm32f10x_hd.o(.text)
    .text                                    0x08002ca4   Section        0  stm32f10x_gpio.o(.text)
    .text                                    0x08003050   Section        0  stm32f10x_rcc.o(.text)
    .text                                    0x08003464   Section        0  stm32f10x_spi.o(.text)
    .text                                    0x080037f4   Section        0  stm32f10x_usart.o(.text)
    .text                                    0x08003c9c   Section        0  misc.o(.text)
    .text                                    0x08003d9c   Section        2  use_no_semi_2.o(.text)
    .text                                    0x08003d9e   Section        0  heapauxi.o(.text)
    .text                                    0x08003da4   Section        2  use_no_semi.o(.text)
    .text                                    0x08003da6   Section        0  _rserrno.o(.text)
    .text                                    0x08003dbc   Section        8  rt_errno_addr_intlibspace.o(.text)
    .text                                    0x08003dc4   Section        8  libspace.o(.text)
    .text                                    0x08003dcc   Section       74  sys_stackheap_outer.o(.text)
    .text                                    0x08003e16   Section        0  exit.o(.text)
    .text                                    0x08003e24   Section        8  rt_fp_status_addr_intlibspace.o(.text)
    i.sqrt                                   0x08003e2c   Section        0  sqrt.o(i.sqrt)
    x$fpl$dcmpinf                            0x08003e78   Section       24  dcmpi.o(x$fpl$dcmpinf)
    x$fpl$dfixu                              0x08003e90   Section       90  dfixu.o(x$fpl$dfixu)
    x$fpl$dfltu                              0x08003eea   Section       38  dflt_clz.o(x$fpl$dfltu)
    x$fpl$dleqf                              0x08003f10   Section      120  dleqf.o(x$fpl$dleqf)
    x$fpl$dnaninf                            0x08003f88   Section      156  dnaninf.o(x$fpl$dnaninf)
    x$fpl$dretinf                            0x08004024   Section       12  dretinf.o(x$fpl$dretinf)
    x$fpl$drleqf                             0x08004030   Section      108  drleqf.o(x$fpl$drleqf)
    x$fpl$dsqrt                              0x0800409c   Section      460  dsqrt_noumaal.o(x$fpl$dsqrt)
    x$fpl$f2d                                0x08004268   Section       86  f2d.o(x$fpl$f2d)
    x$fpl$fadd                               0x080042c0   Section      196  faddsub_clz.o(x$fpl$fadd)
    _fadd1                                   0x080042cf   Thumb Code     0  faddsub_clz.o(x$fpl$fadd)
    x$fpl$fdiv                               0x08004384   Section      388  fdiv.o(x$fpl$fdiv)
    _fdiv1                                   0x08004385   Thumb Code     0  fdiv.o(x$fpl$fdiv)
    x$fpl$ffix                               0x08004508   Section       54  ffix.o(x$fpl$ffix)
    x$fpl$ffixu                              0x08004540   Section       62  ffixu.o(x$fpl$ffixu)
    x$fpl$fflt                               0x08004580   Section       48  fflt_clz.o(x$fpl$fflt)
    x$fpl$ffltu                              0x080045b0   Section       38  fflt_clz.o(x$fpl$ffltu)
    x$fpl$fmul                               0x080045d8   Section      258  fmul.o(x$fpl$fmul)
    x$fpl$fnaninf                            0x080046da   Section      140  fnaninf.o(x$fpl$fnaninf)
    x$fpl$fpinit                             0x08004766   Section       14  fpinit.o(x$fpl$fpinit)
    x$fpl$fretinf                            0x08004774   Section       10  fretinf.o(x$fpl$fretinf)
    x$fpl$fsub                               0x08004780   Section      234  faddsub_clz.o(x$fpl$fsub)
    _fsub1                                   0x0800478f   Thumb Code     0  faddsub_clz.o(x$fpl$fsub)
    .constdata                               0x0800486a   Section     6436  lcd.o(.constdata)
    x$fpl$usenofp                            0x0800486a   Section        0  usenofp.o(x$fpl$usenofp)
    .conststring                             0x0800618e   Section      121  touch.o(.conststring)
    .data                                    0x20000000   Section        1  main.o(.data)
    .data                                    0x20000004   Section       20  system_stm32f10x.o(.data)
    .data                                    0x20000018   Section        1  key.o(.data)
    key_up                                   0x20000018   Data           1  key.o(.data)
    .data                                    0x2000001a   Section        4  lcd.o(.data)
    .data                                    0x2000001e   Section        2  flash.o(.data)
    .data                                    0x20000020   Section       48  touch.o(.data)
    .data                                    0x20000050   Section        4  delay.o(.data)
    fac_us                                   0x20000050   Data           1  delay.o(.data)
    fac_ms                                   0x20000052   Data           2  delay.o(.data)
    .data                                    0x20000054   Section        8  usart.o(.data)
    .data                                    0x2000005c   Section       20  stm32f10x_rcc.o(.data)
    APBAHBPrescTable                         0x2000005c   Data          16  stm32f10x_rcc.o(.data)
    ADCPrescTable                            0x2000006c   Data           4  stm32f10x_rcc.o(.data)
    .bss                                     0x20000070   Section       10  lcd.o(.bss)
    .bss                                     0x2000007a   Section     4096  flash.o(.bss)
    .bss                                     0x2000107a   Section      200  usart.o(.bss)
    .bss                                     0x20001144   Section       96  libspace.o(.bss)
    HEAP                                     0x200011a8   Section      512  startup_stm32f10x_hd.o(HEAP)
    Heap_Mem                                 0x200011a8   Data         512  startup_stm32f10x_hd.o(HEAP)
    STACK                                    0x200013a8   Section     1024  startup_stm32f10x_hd.o(STACK)
    Stack_Mem                                0x200013a8   Data        1024  startup_stm32f10x_hd.o(STACK)
    __initial_sp                             0x200017a8   Data           0  startup_stm32f10x_hd.o(STACK)

    Global Symbols

    Symbol Name                              Value     Ov Type        Size  Object(Section)

    BuildAttributes$$THM_ISAv4$P$D$K$B$S$PE$A:L22UL41UL21$X:L11$S22US41US21$IEEE1$IW$USESV6$~STKCKD$USESV7$~SHL$OTIME$ROPI$IEEEJ$EBA8$UX$STANDARDLIB$REQ8$PRES8$EABIv2 0x00000000   Number         0  anon$$obj.o ABSOLUTE
    __ARM_use_no_argv                        0x00000000   Number         0  main.o ABSOLUTE
    __ARM_exceptions_init                     - Undefined Weak Reference
    __alloca_initialize                       - Undefined Weak Reference
    __cpp_initialize__aeabi_                  - Undefined Weak Reference
    __cxa_finalize                            - Undefined Weak Reference
    __rt_locale                               - Undefined Weak Reference
    __sigvec_lookup                           - Undefined Weak Reference
    _atexit_init                              - Undefined Weak Reference
    _call_atexit_fns                          - Undefined Weak Reference
    _clock_init                               - Undefined Weak Reference
    _fp_trap_init                             - Undefined Weak Reference
    _fp_trap_shutdown                         - Undefined Weak Reference
    _get_lc_collate                           - Undefined Weak Reference
    _get_lc_ctype                             - Undefined Weak Reference
    _get_lc_monetary                          - Undefined Weak Reference
    _get_lc_numeric                           - Undefined Weak Reference
    _get_lc_time                              - Undefined Weak Reference
    _getenv_init                              - Undefined Weak Reference
    _handle_redirection                       - Undefined Weak Reference
    _init_alloc                               - Undefined Weak Reference
    _init_user_alloc                          - Undefined Weak Reference
    _initio                                   - Undefined Weak Reference
    _rand_init                                - Undefined Weak Reference
    _signal_finish                            - Undefined Weak Reference
    _signal_init                              - Undefined Weak Reference
    _terminate_alloc                          - Undefined Weak Reference
    _terminate_user_alloc                     - Undefined Weak Reference
    _terminateio                              - Undefined Weak Reference
    __Vectors_Size                           0x00000130   Number         0  startup_stm32f10x_hd.o ABSOLUTE
    __Vectors                                0x08000000   Data           4  startup_stm32f10x_hd.o(RESET)
    __Vectors_End                            0x08000130   Data           0  startup_stm32f10x_hd.o(RESET)
    __main                                   0x08000131   Thumb Code     8  __main.o(!!!main)
    __scatterload                            0x08000139   Thumb Code     0  __scatter.o(!!!scatter)
    __scatterload_rt2                        0x08000139   Thumb Code    44  __scatter.o(!!!scatter)
    __scatterload_rt2_thumb_only             0x08000139   Thumb Code     0  __scatter.o(!!!scatter)
    __scatterload_null                       0x08000147   Thumb Code     0  __scatter.o(!!!scatter)
    __scatterload_copy                       0x0800016d   Thumb Code    26  __scatter_copy.o(!!handler_copy)
    __scatterload_zeroinit                   0x08000189   Thumb Code    28  __scatter_zi.o(!!handler_zi)
    __rt_lib_init                            0x080001a5   Thumb Code     0  libinit.o(.ARM.Collect$$libinit$$00000000)
    __rt_lib_init_alloca_1                   0x080001ab   Thumb Code     0  libinit2.o(.ARM.Collect$$libinit$$0000002A)
    __rt_lib_init_argv_1                     0x080001ab   Thumb Code     0  libinit2.o(.ARM.Collect$$libinit$$00000028)
    __rt_lib_init_atexit_1                   0x080001ab   Thumb Code     0  libinit2.o(.ARM.Collect$$libinit$$00000017)
    __rt_lib_init_clock_1                    0x080001ab   Thumb Code     0  libinit2.o(.ARM.Collect$$libinit$$0000001D)
    __rt_lib_init_cpp_1                      0x080001ab   Thumb Code     0  libinit2.o(.ARM.Collect$$libinit$$0000002E)
    __rt_lib_init_exceptions_1               0x080001ab   Thumb Code     0  libinit2.o(.ARM.Collect$$libinit$$0000002C)
    __rt_lib_init_fp_trap_1                  0x080001ab   Thumb Code     0  libinit2.o(.ARM.Collect$$libinit$$0000001B)
    __rt_lib_init_getenv_1                   0x080001ab   Thumb Code     0  libinit2.o(.ARM.Collect$$libinit$$0000001F)
    __rt_lib_init_heap_1                     0x080001ab   Thumb Code     0  libinit2.o(.ARM.Collect$$libinit$$00000006)
    __rt_lib_init_lc_collate_1               0x080001ab   Thumb Code     0  libinit2.o(.ARM.Collect$$libinit$$0000000D)
    __rt_lib_init_lc_ctype_1                 0x080001ab   Thumb Code     0  libinit2.o(.ARM.Collect$$libinit$$0000000F)
    __rt_lib_init_lc_monetary_1              0x080001ab   Thumb Code     0  libinit2.o(.ARM.Collect$$libinit$$00000011)
    __rt_lib_init_lc_numeric_1               0x080001ab   Thumb Code     0  libinit2.o(.ARM.Collect$$libinit$$00000013)
    __rt_lib_init_lc_time_1                  0x080001ab   Thumb Code     0  libinit2.o(.ARM.Collect$$libinit$$00000015)
    __rt_lib_init_rand_1                     0x080001ab   Thumb Code     0  libinit2.o(.ARM.Collect$$libinit$$0000000A)
    __rt_lib_init_return                     0x080001ab   Thumb Code     0  libinit2.o(.ARM.Collect$$libinit$$0000002F)
    __rt_lib_init_signal_1                   0x080001ab   Thumb Code     0  libinit2.o(.ARM.Collect$$libinit$$00000019)
    __rt_lib_init_stdio_1                    0x080001ab   Thumb Code     0  libinit2.o(.ARM.Collect$$libinit$$00000021)
    __rt_lib_init_user_alloc_1               0x080001ab   Thumb Code     0  libinit2.o(.ARM.Collect$$libinit$$00000008)
    __rt_lib_shutdown                        0x080001ad   Thumb Code     0  libshutdown.o(.ARM.Collect$$libshutdown$$00000000)
    __rt_lib_shutdown_fp_trap_1              0x080001af   Thumb Code     0  libshutdown2.o(.ARM.Collect$$libshutdown$$00000006)
    __rt_lib_shutdown_heap_1                 0x080001af   Thumb Code     0  libshutdown2.o(.ARM.Collect$$libshutdown$$0000000E)
    __rt_lib_shutdown_return                 0x080001af   Thumb Code     0  libshutdown2.o(.ARM.Collect$$libshutdown$$0000000F)
    __rt_lib_shutdown_signal_1               0x080001af   Thumb Code     0  libshutdown2.o(.ARM.Collect$$libshutdown$$00000009)
    __rt_lib_shutdown_stdio_1                0x080001af   Thumb Code     0  libshutdown2.o(.ARM.Collect$$libshutdown$$00000003)
    __rt_lib_shutdown_user_alloc_1           0x080001af   Thumb Code     0  libshutdown2.o(.ARM.Collect$$libshutdown$$0000000B)
    __rt_entry                               0x080001b1   Thumb Code     0  rtentry.o(.ARM.Collect$$rtentry$$00000000)
    __rt_entry_presh_1                       0x080001b1   Thumb Code     0  rtentry2.o(.ARM.Collect$$rtentry$$00000002)
    __rt_entry_sh                            0x080001b1   Thumb Code     0  rtentry4.o(.ARM.Collect$$rtentry$$00000004)
    __rt_entry_li                            0x080001b7   Thumb Code     0  rtentry2.o(.ARM.Collect$$rtentry$$0000000A)
    __rt_entry_postsh_1                      0x080001b7   Thumb Code     0  rtentry2.o(.ARM.Collect$$rtentry$$00000009)
    __rt_entry_main                          0x080001bb   Thumb Code     0  rtentry2.o(.ARM.Collect$$rtentry$$0000000D)
    __rt_entry_postli_1                      0x080001bb   Thumb Code     0  rtentry2.o(.ARM.Collect$$rtentry$$0000000C)
    __rt_exit                                0x080001c3   Thumb Code     0  rtexit.o(.ARM.Collect$$rtexit$$00000000)
    __rt_exit_ls                             0x080001c5   Thumb Code     0  rtexit2.o(.ARM.Collect$$rtexit$$00000003)
    __rt_exit_prels_1                        0x080001c5   Thumb Code     0  rtexit2.o(.ARM.Collect$$rtexit$$00000002)
    __rt_exit_exit                           0x080001c9   Thumb Code     0  rtexit2.o(.ARM.Collect$$rtexit$$00000004)
    Load_Drow_Dialog                         0x080001d1   Thumb Code    64  main.o(.text)
    xianshi                                  0x08000211   Thumb Code   132  main.o(.text)
    showqq                                   0x08000295   Thumb Code    60  main.o(.text)
    refshow                                  0x080002d1   Thumb Code    78  main.o(.text)
    jiance                                   0x0800031f   Thumb Code    64  main.o(.text)
    beepms                                   0x0800035f   Thumb Code    30  main.o(.text)
    main                                     0x0800037d   Thumb Code   254  main.o(.text)
    NMI_Handler                              0x080004b5   Thumb Code     2  stm32f10x_it.o(.text)
    HardFault_Handler                        0x080004b7   Thumb Code     4  stm32f10x_it.o(.text)
    MemManage_Handler                        0x080004bb   Thumb Code     4  stm32f10x_it.o(.text)
    BusFault_Handler                         0x080004bf   Thumb Code     4  stm32f10x_it.o(.text)
    UsageFault_Handler                       0x080004c3   Thumb Code     4  stm32f10x_it.o(.text)
    SVC_Handler                              0x080004c7   Thumb Code     2  stm32f10x_it.o(.text)
    DebugMon_Handler                         0x080004c9   Thumb Code     2  stm32f10x_it.o(.text)
    PendSV_Handler                           0x080004cb   Thumb Code     2  stm32f10x_it.o(.text)
    SysTick_Handler                          0x080004cd   Thumb Code     2  stm32f10x_it.o(.text)
    SystemInit                               0x080005a1   Thumb Code    82  system_stm32f10x.o(.text)
    SystemCoreClockUpdate                    0x080005f3   Thumb Code   154  system_stm32f10x.o(.text)
    LED_Init                                 0x080006b1   Thumb Code   102  led.o(.text)
    KEY_Init                                 0x08000725   Thumb Code    60  key.o(.text)
    KEY_Scan                                 0x08000761   Thumb Code   196  key.o(.text)
    LCD_WR_REG                               0x08000831   Thumb Code    40  lcd.o(.text)
    LCD_WR_DATA                              0x08000859   Thumb Code    48  lcd.o(.text)
    LCD_WR_DATA8                             0x08000889   Thumb Code    40  lcd.o(.text)
    LCD_WR_REG_DATA                          0x080008b1   Thumb Code    20  lcd.o(.text)
    LCD_WriteRAM_Prepare                     0x080008c5   Thumb Code    12  lcd.o(.text)
    opt_delay                                0x080008d1   Thumb Code    14  lcd.o(.text)
    LCD_DisplayOn                            0x080008df   Thumb Code     2  lcd.o(.text)
    LCD_DisplayOff                           0x080008e1   Thumb Code     2  lcd.o(.text)
    LCD_SetCursor                            0x080008e3   Thumb Code    48  lcd.o(.text)
    LCD_DrawPoint                            0x08000913   Thumb Code    28  lcd.o(.text)
    LCD_Clear                                0x0800092f   Thumb Code    50  lcd.o(.text)
    LCD_Init                                 0x08000961   Thumb Code   612  lcd.o(.text)
    LCD_Fill                                 0x08000bc5   Thumb Code   120  lcd.o(.text)
    LCD_Color_Fill                           0x08000c3d   Thumb Code   104  lcd.o(.text)
    LCD_DrawLine                             0x08000ca5   Thumb Code   190  lcd.o(.text)
    LCD_DrawRectangle                        0x08000d63   Thumb Code    64  lcd.o(.text)
    Draw_Circle                              0x08000da3   Thumb Code   170  lcd.o(.text)
    showhanzi16                              0x08000e4d   Thumb Code   124  lcd.o(.text)
    showhanzi32                              0x08000ec9   Thumb Code   124  lcd.o(.text)
    LCD_ShowChar                             0x08000f45   Thumb Code   390  lcd.o(.text)
    LCD_Pow                                  0x080010cb   Thumb Code    24  lcd.o(.text)
    LCD_ShowNum                              0x080010e3   Thumb Code   156  lcd.o(.text)
    LCD_ShowxNum                             0x0800117f   Thumb Code   202  lcd.o(.text)
    LCD_ShowString                           0x08001249   Thumb Code   106  lcd.o(.text)
    showimage                                0x080012b3   Thumb Code   102  lcd.o(.text)
    SPI1_Init                                0x08001321   Thumb Code   260  spi.o(.text)
    SPI2_ReadWriteByte                       0x08001425   Thumb Code    86  spi.o(.text)
    SPI2_Init                                0x0800147b   Thumb Code   160  spi.o(.text)
    SPI2_SetSpeed                            0x0800151b   Thumb Code    42  spi.o(.text)
    SPI_WriteByte                            0x08001545   Thumb Code    30  spi.o(.text)
    SPI_Flash_ReadID                         0x08001579   Thumb Code    74  flash.o(.text)
    SPI_Flash_Init                           0x080015c3   Thumb Code   122  flash.o(.text)
    SPI_Flash_ReadSR                         0x0800163d   Thumb Code    42  flash.o(.text)
    SPI_FLASH_Write_SR                       0x08001667   Thumb Code    38  flash.o(.text)
    SPI_FLASH_Write_Enable                   0x0800168d   Thumb Code    30  flash.o(.text)
    SPI_FLASH_Write_Disable                  0x080016ab   Thumb Code    30  flash.o(.text)
    SPI_Flash_Read                           0x080016c9   Thumb Code    84  flash.o(.text)
    SPI_Flash_Wait_Busy                      0x0800171d   Thumb Code    18  flash.o(.text)
    SPI_Flash_Write_Page                     0x0800172f   Thumb Code    90  flash.o(.text)
    SPI_Flash_Write_NoCheck                  0x08001789   Thumb Code    72  flash.o(.text)
    SPI_Flash_Erase_Sector                   0x080017d1   Thumb Code    70  flash.o(.text)
    SPI_Flash_Write                          0x08001817   Thumb Code   186  flash.o(.text)
    SPI_Flash_Erase_Chip                     0x080018d1   Thumb Code    42  flash.o(.text)
    SPI_Flash_PowerDown                      0x080018fb   Thumb Code    38  flash.o(.text)
    SPI_Flash_WAKEUP                         0x08001921   Thumb Code    38  flash.o(.text)
    TP_Write_Byte                            0x08001965   Thumb Code    70  touch.o(.text)
    TP_Read_AD                               0x080019ab   Thumb Code   140  touch.o(.text)
    TP_Read_XOY                              0x08001a37   Thumb Code   158  touch.o(.text)
    TP_Read_XY                               0x08001ad5   Thumb Code    40  touch.o(.text)
    TP_Read_XY2                              0x08001afd   Thumb Code   198  touch.o(.text)
    TP_Drow_Touch_Point                      0x08001bc3   Thumb Code   110  touch.o(.text)
    TP_Draw_Big_Point                        0x08001c31   Thumb Code    54  touch.o(.text)
    TP_Scan                                  0x08001c67   Thumb Code   294  touch.o(.text)
    TP_Save_Adjdata                          0x08001d8d   Thumb Code   138  touch.o(.text)
    TP_Get_Adjdata                           0x08001e17   Thumb Code   192  touch.o(.text)
    TP_Adj_Info_Show                         0x08001ed7   Thumb Code   382  touch.o(.text)
    TP_Adjust                                0x08002055   Thumb Code  2168  touch.o(.text)
    TP_Init                                  0x080028cd   Thumb Code   114  touch.o(.text)
    delay_init                               0x0800299d   Thumb Code    42  delay.o(.text)
    delay_us                                 0x080029c7   Thumb Code    76  delay.o(.text)
    delay_ms                                 0x08002a13   Thumb Code    76  delay.o(.text)
    NVIC_Configuration                       0x08002a71   Thumb Code    12  sys.o(.text)
    inttohex                                 0x08002a7d   Thumb Code   136  sys.o(.text)
    _sys_exit                                0x08002b05   Thumb Code     6  usart.o(.text)
    fputc                                    0x08002b0b   Thumb Code    20  usart.o(.text)
    uart_init                                0x08002b1f   Thumb Code   176  usart.o(.text)
    USART1_IRQHandler                        0x08002bcf   Thumb Code   128  usart.o(.text)
    Reset_Handler                            0x08002c65   Thumb Code     8  startup_stm32f10x_hd.o(.text)
    ADC1_2_IRQHandler                        0x08002c7f   Thumb Code     0  startup_stm32f10x_hd.o(.text)
    ADC3_IRQHandler                          0x08002c7f   Thumb Code     0  startup_stm32f10x_hd.o(.text)
    CAN1_RX1_IRQHandler                      0x08002c7f   Thumb Code     0  startup_stm32f10x_hd.o(.text)
    CAN1_SCE_IRQHandler                      0x08002c7f   Thumb Code     0  startup_stm32f10x_hd.o(.text)
    DMA1_Channel1_IRQHandler                 0x08002c7f   Thumb Code     0  startup_stm32f10x_hd.o(.text)
    DMA1_Channel2_IRQHandler                 0x08002c7f   Thumb Code     0  startup_stm32f10x_hd.o(.text)
    DMA1_Channel3_IRQHandler                 0x08002c7f   Thumb Code     0  startup_stm32f10x_hd.o(.text)
    DMA1_Channel4_IRQHandler                 0x08002c7f   Thumb Code     0  startup_stm32f10x_hd.o(.text)
    DMA1_Channel5_IRQHandler                 0x08002c7f   Thumb Code     0  startup_stm32f10x_hd.o(.text)
    DMA1_Channel6_IRQHandler                 0x08002c7f   Thumb Code     0  startup_stm32f10x_hd.o(.text)
    DMA1_Channel7_IRQHandler                 0x08002c7f   Thumb Code     0  startup_stm32f10x_hd.o(.text)
    DMA2_Channel1_IRQHandler                 0x08002c7f   Thumb Code     0  startup_stm32f10x_hd.o(.text)
    DMA2_Channel2_IRQHandler                 0x08002c7f   Thumb Code     0  startup_stm32f10x_hd.o(.text)
    DMA2_Channel3_IRQHandler                 0x08002c7f   Thumb Code     0  startup_stm32f10x_hd.o(.text)
    DMA2_Channel4_5_IRQHandler               0x08002c7f   Thumb Code     0  startup_stm32f10x_hd.o(.text)
    EXTI0_IRQHandler                         0x08002c7f   Thumb Code     0  startup_stm32f10x_hd.o(.text)
    EXTI15_10_IRQHandler                     0x08002c7f   Thumb Code     0  startup_stm32f10x_hd.o(.text)
    EXTI1_IRQHandler                         0x08002c7f   Thumb Code     0  startup_stm32f10x_hd.o(.text)
    EXTI2_IRQHandler                         0x08002c7f   Thumb Code     0  startup_stm32f10x_hd.o(.text)
    EXTI3_IRQHandler                         0x08002c7f   Thumb Code     0  startup_stm32f10x_hd.o(.text)
    EXTI4_IRQHandler                         0x08002c7f   Thumb Code     0  startup_stm32f10x_hd.o(.text)
    EXTI9_5_IRQHandler                       0x08002c7f   Thumb Code     0  startup_stm32f10x_hd.o(.text)
    FLASH_IRQHandler                         0x08002c7f   Thumb Code     0  startup_stm32f10x_hd.o(.text)
    FSMC_IRQHandler                          0x08002c7f   Thumb Code     0  startup_stm32f10x_hd.o(.text)
    I2C1_ER_IRQHandler                       0x08002c7f   Thumb Code     0  startup_stm32f10x_hd.o(.text)
    I2C1_EV_IRQHandler                       0x08002c7f   Thumb Code     0  startup_stm32f10x_hd.o(.text)
    I2C2_ER_IRQHandler                       0x08002c7f   Thumb Code     0  startup_stm32f10x_hd.o(.text)
    I2C2_EV_IRQHandler                       0x08002c7f   Thumb Code     0  startup_stm32f10x_hd.o(.text)
    PVD_IRQHandler                           0x08002c7f   Thumb Code     0  startup_stm32f10x_hd.o(.text)
    RCC_IRQHandler                           0x08002c7f   Thumb Code     0  startup_stm32f10x_hd.o(.text)
    RTCAlarm_IRQHandler                      0x08002c7f   Thumb Code     0  startup_stm32f10x_hd.o(.text)
    RTC_IRQHandler                           0x08002c7f   Thumb Code     0  startup_stm32f10x_hd.o(.text)
    SDIO_IRQHandler                          0x08002c7f   Thumb Code     0  startup_stm32f10x_hd.o(.text)
    SPI1_IRQHandler                          0x08002c7f   Thumb Code     0  startup_stm32f10x_hd.o(.text)
    SPI2_IRQHandler                          0x08002c7f   Thumb Code     0  startup_stm32f10x_hd.o(.text)
    SPI3_IRQHandler                          0x08002c7f   Thumb Code     0  startup_stm32f10x_hd.o(.text)
    TAMPER_IRQHandler                        0x08002c7f   Thumb Code     0  startup_stm32f10x_hd.o(.text)
    TIM1_BRK_IRQHandler                      0x08002c7f   Thumb Code     0  startup_stm32f10x_hd.o(.text)
    TIM1_CC_IRQHandler                       0x08002c7f   Thumb Code     0  startup_stm32f10x_hd.o(.text)
    TIM1_TRG_COM_IRQHandler                  0x08002c7f   Thumb Code     0  startup_stm32f10x_hd.o(.text)
    TIM1_UP_IRQHandler                       0x08002c7f   Thumb Code     0  startup_stm32f10x_hd.o(.text)
    TIM2_IRQHandler                          0x08002c7f   Thumb Code     0  startup_stm32f10x_hd.o(.text)
    TIM3_IRQHandler                          0x08002c7f   Thumb Code     0  startup_stm32f10x_hd.o(.text)
    TIM4_IRQHandler                          0x08002c7f   Thumb Code     0  startup_stm32f10x_hd.o(.text)
    TIM5_IRQHandler                          0x08002c7f   Thumb Code     0  startup_stm32f10x_hd.o(.text)
    TIM6_IRQHandler                          0x08002c7f   Thumb Code     0  startup_stm32f10x_hd.o(.text)
    TIM7_IRQHandler                          0x08002c7f   Thumb Code     0  startup_stm32f10x_hd.o(.text)
    TIM8_BRK_IRQHandler                      0x08002c7f   Thumb Code     0  startup_stm32f10x_hd.o(.text)
    TIM8_CC_IRQHandler                       0x08002c7f   Thumb Code     0  startup_stm32f10x_hd.o(.text)
    TIM8_TRG_COM_IRQHandler                  0x08002c7f   Thumb Code     0  startup_stm32f10x_hd.o(.text)
    TIM8_UP_IRQHandler                       0x08002c7f   Thumb Code     0  startup_stm32f10x_hd.o(.text)
    UART4_IRQHandler                         0x08002c7f   Thumb Code     0  startup_stm32f10x_hd.o(.text)
    UART5_IRQHandler                         0x08002c7f   Thumb Code     0  startup_stm32f10x_hd.o(.text)
    USART2_IRQHandler                        0x08002c7f   Thumb Code     0  startup_stm32f10x_hd.o(.text)
    USART3_IRQHandler                        0x08002c7f   Thumb Code     0  startup_stm32f10x_hd.o(.text)
    USBWakeUp_IRQHandler                     0x08002c7f   Thumb Code     0  startup_stm32f10x_hd.o(.text)
    USB_HP_CAN1_TX_IRQHandler                0x08002c7f   Thumb Code     0  startup_stm32f10x_hd.o(.text)
    USB_LP_CAN1_RX0_IRQHandler               0x08002c7f   Thumb Code     0  startup_stm32f10x_hd.o(.text)
    WWDG_IRQHandler                          0x08002c7f   Thumb Code     0  startup_stm32f10x_hd.o(.text)
    __user_initial_stackheap                 0x08002c81   Thumb Code     0  startup_stm32f10x_hd.o(.text)
    GPIO_DeInit                              0x08002ca5   Thumb Code   172  stm32f10x_gpio.o(.text)
    GPIO_AFIODeInit                          0x08002d51   Thumb Code    20  stm32f10x_gpio.o(.text)
    GPIO_Init                                0x08002d65   Thumb Code   292  stm32f10x_gpio.o(.text)
    GPIO_StructInit                          0x08002e89   Thumb Code    20  stm32f10x_gpio.o(.text)
    GPIO_ReadInputDataBit                    0x08002e9d   Thumb Code    24  stm32f10x_gpio.o(.text)
    GPIO_ReadInputData                       0x08002eb5   Thumb Code     8  stm32f10x_gpio.o(.text)
    GPIO_ReadOutputDataBit                   0x08002ebd   Thumb Code    24  stm32f10x_gpio.o(.text)
    GPIO_ReadOutputData                      0x08002ed5   Thumb Code     8  stm32f10x_gpio.o(.text)
    GPIO_SetBits                             0x08002edd   Thumb Code     4  stm32f10x_gpio.o(.text)
    GPIO_ResetBits                           0x08002ee1   Thumb Code     4  stm32f10x_gpio.o(.text)
    GPIO_WriteBit                            0x08002ee5   Thumb Code    10  stm32f10x_gpio.o(.text)
    GPIO_Write                               0x08002eef   Thumb Code     4  stm32f10x_gpio.o(.text)
    GPIO_PinLockConfig                       0x08002ef3   Thumb Code    20  stm32f10x_gpio.o(.text)
    GPIO_EventOutputConfig                   0x08002f07   Thumb Code    32  stm32f10x_gpio.o(.text)
    GPIO_EventOutputCmd                      0x08002f27   Thumb Code     6  stm32f10x_gpio.o(.text)
    GPIO_PinRemapConfig                      0x08002f2d   Thumb Code   156  stm32f10x_gpio.o(.text)
    GPIO_EXTILineConfig                      0x08002fc9   Thumb Code    84  stm32f10x_gpio.o(.text)
    GPIO_ETH_MediaInterfaceConfig            0x0800301d   Thumb Code     6  stm32f10x_gpio.o(.text)
    RCC_DeInit                               0x08003051   Thumb Code    68  stm32f10x_rcc.o(.text)
    RCC_HSEConfig                            0x08003095   Thumb Code    70  stm32f10x_rcc.o(.text)
    RCC_GetFlagStatus                        0x080030db   Thumb Code    68  stm32f10x_rcc.o(.text)
    RCC_WaitForHSEStartUp                    0x0800311f   Thumb Code    56  stm32f10x_rcc.o(.text)
    RCC_AdjustHSICalibrationValue            0x08003157   Thumb Code    22  stm32f10x_rcc.o(.text)
    RCC_HSICmd                               0x0800316d   Thumb Code     6  stm32f10x_rcc.o(.text)
    RCC_PLLConfig                            0x08003173   Thumb Code    28  stm32f10x_rcc.o(.text)
    RCC_PLLCmd                               0x0800318f   Thumb Code     6  stm32f10x_rcc.o(.text)
    RCC_SYSCLKConfig                         0x08003195   Thumb Code    22  stm32f10x_rcc.o(.text)
    RCC_GetSYSCLKSource                      0x080031ab   Thumb Code    10  stm32f10x_rcc.o(.text)
    RCC_HCLKConfig                           0x080031b5   Thumb Code    22  stm32f10x_rcc.o(.text)
    RCC_PCLK1Config                          0x080031cb   Thumb Code    22  stm32f10x_rcc.o(.text)
    RCC_PCLK2Config                          0x080031e1   Thumb Code    22  stm32f10x_rcc.o(.text)
    RCC_ITConfig                             0x080031f7   Thumb Code    36  stm32f10x_rcc.o(.text)
    RCC_USBCLKConfig                         0x0800321b   Thumb Code     6  stm32f10x_rcc.o(.text)
    RCC_ADCCLKConfig                         0x08003221   Thumb Code    22  stm32f10x_rcc.o(.text)
    RCC_LSEConfig                            0x08003237   Thumb Code    50  stm32f10x_rcc.o(.text)
    RCC_LSICmd                               0x08003269   Thumb Code     6  stm32f10x_rcc.o(.text)
    RCC_RTCCLKConfig                         0x0800326f   Thumb Code    14  stm32f10x_rcc.o(.text)
    RCC_RTCCLKCmd                            0x0800327d   Thumb Code     6  stm32f10x_rcc.o(.text)
    RCC_GetClocksFreq                        0x08003283   Thumb Code   216  stm32f10x_rcc.o(.text)
    RCC_AHBPeriphClockCmd                    0x0800335b   Thumb Code    30  stm32f10x_rcc.o(.text)
    RCC_APB2PeriphClockCmd                   0x08003379   Thumb Code    30  stm32f10x_rcc.o(.text)
    RCC_APB1PeriphClockCmd                   0x08003397   Thumb Code    30  stm32f10x_rcc.o(.text)
    RCC_APB2PeriphResetCmd                   0x080033b5   Thumb Code    30  stm32f10x_rcc.o(.text)
    RCC_APB1PeriphResetCmd                   0x080033d3   Thumb Code    30  stm32f10x_rcc.o(.text)
    RCC_BackupResetCmd                       0x080033f1   Thumb Code     6  stm32f10x_rcc.o(.text)
    RCC_ClockSecuritySystemCmd               0x080033f7   Thumb Code     6  stm32f10x_rcc.o(.text)
    RCC_MCOConfig                            0x080033fd   Thumb Code     6  stm32f10x_rcc.o(.text)
    RCC_ClearFlag                            0x08003403   Thumb Code    14  stm32f10x_rcc.o(.text)
    RCC_GetITStatus                          0x08003411   Thumb Code    26  stm32f10x_rcc.o(.text)
    RCC_ClearITPendingBit                    0x0800342b   Thumb Code    58  stm32f10x_rcc.o(.text)
    SPI_I2S_DeInit                           0x08003465   Thumb Code    76  stm32f10x_spi.o(.text)
    SPI_Init                                 0x080034b1   Thumb Code    80  stm32f10x_spi.o(.text)
    I2S_Init                                 0x08003501   Thumb Code   250  stm32f10x_spi.o(.text)
    SPI_StructInit                           0x080035fb   Thumb Code    28  stm32f10x_spi.o(.text)
    I2S_StructInit                           0x08003617   Thumb Code    26  stm32f10x_spi.o(.text)
    SPI_Cmd                                  0x08003631   Thumb Code    26  stm32f10x_spi.o(.text)
    I2S_Cmd                                  0x0800364b   Thumb Code    26  stm32f10x_spi.o(.text)
    SPI_I2S_ITConfig                         0x08003665   Thumb Code    50  stm32f10x_spi.o(.text)
    SPI_I2S_DMACmd                           0x08003697   Thumb Code    30  stm32f10x_spi.o(.text)
    SPI_I2S_SendData                         0x080036b5   Thumb Code     4  stm32f10x_spi.o(.text)
    SPI_I2S_ReceiveData                      0x080036b9   Thumb Code     6  stm32f10x_spi.o(.text)
    SPI_NSSInternalSoftwareConfig            0x080036bf   Thumb Code    32  stm32f10x_spi.o(.text)
    SPI_SSOutputCmd                          0x080036df   Thumb Code    26  stm32f10x_spi.o(.text)
    SPI_DataSizeConfig                       0x080036f9   Thumb Code    22  stm32f10x_spi.o(.text)
    SPI_TransmitCRC                          0x0800370f   Thumb Code    10  stm32f10x_spi.o(.text)
    SPI_CalculateCRC                         0x08003719   Thumb Code    26  stm32f10x_spi.o(.text)
    SPI_GetCRC                               0x08003733   Thumb Code    18  stm32f10x_spi.o(.text)
    SPI_GetCRCPolynomial                     0x08003745   Thumb Code     6  stm32f10x_spi.o(.text)
    SPI_BiDirectionalLineConfig              0x0800374b   Thumb Code    30  stm32f10x_spi.o(.text)
    SPI_I2S_GetFlagStatus                    0x08003769   Thumb Code    24  stm32f10x_spi.o(.text)
    SPI_I2S_ClearFlag                        0x08003781   Thumb Code     8  stm32f10x_spi.o(.text)
    SPI_I2S_GetITStatus                      0x08003789   Thumb Code    68  stm32f10x_spi.o(.text)
    SPI_I2S_ClearITPendingBit                0x080037cd   Thumb Code    28  stm32f10x_spi.o(.text)
    USART_DeInit                             0x080037f5   Thumb Code   134  stm32f10x_usart.o(.text)
    USART_Init                               0x0800387b   Thumb Code   250  stm32f10x_usart.o(.text)
    USART_StructInit                         0x08003975   Thumb Code    30  stm32f10x_usart.o(.text)
    USART_ClockInit                          0x08003993   Thumb Code    46  stm32f10x_usart.o(.text)
    USART_ClockStructInit                    0x080039c1   Thumb Code    14  stm32f10x_usart.o(.text)
    USART_Cmd                                0x080039cf   Thumb Code    26  stm32f10x_usart.o(.text)
    USART_ITConfig                           0x080039e9   Thumb Code    88  stm32f10x_usart.o(.text)
    USART_DMACmd                             0x08003a41   Thumb Code    30  stm32f10x_usart.o(.text)
    USART_SetAddress                         0x08003a5f   Thumb Code    22  stm32f10x_usart.o(.text)
    USART_WakeUpConfig                       0x08003a75   Thumb Code    22  stm32f10x_usart.o(.text)
    USART_ReceiverWakeUpCmd                  0x08003a8b   Thumb Code    26  stm32f10x_usart.o(.text)
    USART_LINBreakDetectLengthConfig         0x08003aa5   Thumb Code    22  stm32f10x_usart.o(.text)
    USART_LINCmd                             0x08003abb   Thumb Code    26  stm32f10x_usart.o(.text)
    USART_SendData                           0x08003ad5   Thumb Code     8  stm32f10x_usart.o(.text)
    USART_ReceiveData                        0x08003add   Thumb Code    10  stm32f10x_usart.o(.text)
    USART_SendBreak                          0x08003ae7   Thumb Code    10  stm32f10x_usart.o(.text)
    USART_SetGuardTime                       0x08003af1   Thumb Code    16  stm32f10x_usart.o(.text)
    USART_SetPrescaler                       0x08003b01   Thumb Code    18  stm32f10x_usart.o(.text)
    USART_SmartCardCmd                       0x08003b13   Thumb Code    26  stm32f10x_usart.o(.text)
    USART_SmartCardNACKCmd                   0x08003b2d   Thumb Code    26  stm32f10x_usart.o(.text)
    USART_HalfDuplexCmd                      0x08003b47   Thumb Code    26  stm32f10x_usart.o(.text)
    USART_OverSampling8Cmd                   0x08003b61   Thumb Code    22  stm32f10x_usart.o(.text)
    USART_OneBitMethodCmd                    0x08003b77   Thumb Code    26  stm32f10x_usart.o(.text)
    USART_IrDAConfig                         0x08003b91   Thumb Code    22  stm32f10x_usart.o(.text)
    USART_IrDACmd                            0x08003ba7   Thumb Code    26  stm32f10x_usart.o(.text)
    USART_GetFlagStatus                      0x08003bc1   Thumb Code    54  stm32f10x_usart.o(.text)
    USART_ClearFlag                          0x08003bf7   Thumb Code    20  stm32f10x_usart.o(.text)
    USART_GetITStatus                        0x08003c0b   Thumb Code   104  stm32f10x_usart.o(.text)
    USART_ClearITPendingBit                  0x08003c73   Thumb Code    40  stm32f10x_usart.o(.text)
    NVIC_PriorityGroupConfig                 0x08003c9d   Thumb Code    12  misc.o(.text)
    NVIC_Init                                0x08003ca9   Thumb Code   128  misc.o(.text)
    NVIC_SetVectorTable                      0x08003d29   Thumb Code    16  misc.o(.text)
    NVIC_SystemLPConfig                      0x08003d39   Thumb Code    30  misc.o(.text)
    SysTick_CLKSourceConfig                  0x08003d57   Thumb Code    40  misc.o(.text)
    __use_no_semihosting                     0x08003d9d   Thumb Code     2  use_no_semi_2.o(.text)
    __use_two_region_memory                  0x08003d9f   Thumb Code     2  heapauxi.o(.text)
    __rt_heap_escrow$2region                 0x08003da1   Thumb Code     2  heapauxi.o(.text)
    __rt_heap_expand$2region                 0x08003da3   Thumb Code     2  heapauxi.o(.text)
    __I$use$semihosting                      0x08003da5   Thumb Code     0  use_no_semi.o(.text)
    __use_no_semihosting_swi                 0x08003da5   Thumb Code     2  use_no_semi.o(.text)
    __read_errno                             0x08003da7   Thumb Code    10  _rserrno.o(.text)
    __set_errno                              0x08003db1   Thumb Code    12  _rserrno.o(.text)
    __aeabi_errno_addr                       0x08003dbd   Thumb Code     8  rt_errno_addr_intlibspace.o(.text)
    __errno$intlibspace                      0x08003dbd   Thumb Code     0  rt_errno_addr_intlibspace.o(.text)
    __rt_errno_addr$intlibspace              0x08003dbd   Thumb Code     0  rt_errno_addr_intlibspace.o(.text)
    __user_libspace                          0x08003dc5   Thumb Code     8  libspace.o(.text)
    __user_perproc_libspace                  0x08003dc5   Thumb Code     0  libspace.o(.text)
    __user_perthread_libspace                0x08003dc5   Thumb Code     0  libspace.o(.text)
    __user_setup_stackheap                   0x08003dcd   Thumb Code    74  sys_stackheap_outer.o(.text)
    exit                                     0x08003e17   Thumb Code    12  exit.o(.text)
    __rt_fp_status_addr                      0x08003e25   Thumb Code     8  rt_fp_status_addr_intlibspace.o(.text)
    sqrt                                     0x08003e2d   Thumb Code    76  sqrt.o(i.sqrt)
    __fpl_dcmp_Inf                           0x08003e79   Thumb Code    24  dcmpi.o(x$fpl$dcmpinf)
    __aeabi_d2uiz                            0x08003e91   Thumb Code     0  dfixu.o(x$fpl$dfixu)
    _dfixu                                   0x08003e91   Thumb Code    90  dfixu.o(x$fpl$dfixu)
    __aeabi_ui2d                             0x08003eeb   Thumb Code     0  dflt_clz.o(x$fpl$dfltu)
    _dfltu                                   0x08003eeb   Thumb Code    38  dflt_clz.o(x$fpl$dfltu)
    __aeabi_cdcmple                          0x08003f11   Thumb Code     0  dleqf.o(x$fpl$dleqf)
    _dcmple                                  0x08003f11   Thumb Code   120  dleqf.o(x$fpl$dleqf)
    __fpl_dcmple_InfNaN                      0x08003f73   Thumb Code     0  dleqf.o(x$fpl$dleqf)
    __fpl_dnaninf                            0x08003f89   Thumb Code   156  dnaninf.o(x$fpl$dnaninf)
    __fpl_dretinf                            0x08004025   Thumb Code    12  dretinf.o(x$fpl$dretinf)
    __aeabi_cdrcmple                         0x08004031   Thumb Code     0  drleqf.o(x$fpl$drleqf)
    _drcmple                                 0x08004031   Thumb Code   108  drleqf.o(x$fpl$drleqf)
    _dsqrt                                   0x0800409d   Thumb Code   456  dsqrt_noumaal.o(x$fpl$dsqrt)
    __aeabi_f2d                              0x08004269   Thumb Code     0  f2d.o(x$fpl$f2d)
    _f2d                                     0x08004269   Thumb Code    86  f2d.o(x$fpl$f2d)
    __aeabi_fadd                             0x080042c1   Thumb Code     0  faddsub_clz.o(x$fpl$fadd)
    _fadd                                    0x080042c1   Thumb Code   196  faddsub_clz.o(x$fpl$fadd)
    __aeabi_fdiv                             0x08004385   Thumb Code     0  fdiv.o(x$fpl$fdiv)
    _fdiv                                    0x08004385   Thumb Code   384  fdiv.o(x$fpl$fdiv)
    __aeabi_f2iz                             0x08004509   Thumb Code     0  ffix.o(x$fpl$ffix)
    _ffix                                    0x08004509   Thumb Code    54  ffix.o(x$fpl$ffix)
    __aeabi_f2uiz                            0x08004541   Thumb Code     0  ffixu.o(x$fpl$ffixu)
    _ffixu                                   0x08004541   Thumb Code    62  ffixu.o(x$fpl$ffixu)
    __aeabi_i2f                              0x08004581   Thumb Code     0  fflt_clz.o(x$fpl$fflt)
    _fflt                                    0x08004581   Thumb Code    48  fflt_clz.o(x$fpl$fflt)
    __aeabi_ui2f                             0x080045b1   Thumb Code     0  fflt_clz.o(x$fpl$ffltu)
    _ffltu                                   0x080045b1   Thumb Code    38  fflt_clz.o(x$fpl$ffltu)
    __aeabi_fmul                             0x080045d9   Thumb Code     0  fmul.o(x$fpl$fmul)
    _fmul                                    0x080045d9   Thumb Code   258  fmul.o(x$fpl$fmul)
    __fpl_fnaninf                            0x080046db   Thumb Code   140  fnaninf.o(x$fpl$fnaninf)
    _fp_init                                 0x08004767   Thumb Code    14  fpinit.o(x$fpl$fpinit)
    __fplib_config_pureend_doubles           0x08004773   Thumb Code     0  fpinit.o(x$fpl$fpinit)
    __fpl_fretinf                            0x08004775   Thumb Code    10  fretinf.o(x$fpl$fretinf)
    __aeabi_fsub                             0x08004781   Thumb Code     0  faddsub_clz.o(x$fpl$fsub)
    _fsub                                    0x08004781   Thumb Code   234  faddsub_clz.o(x$fpl$fsub)
    __I$use$fp                               0x0800486b   Thumb Code     0  usenofp.o(x$fpl$usenofp)
    hanzi32                                  0x0800486a   Data         384  lcd.o(.constdata)
    hanzi16                                  0x080049ea   Data         192  lcd.o(.constdata)
    qqimage                                  0x08004aaa   Data        3200  lcd.o(.constdata)
    asc2_1206                                0x0800572a   Data        1140  lcd.o(.constdata)
    asc2_1608                                0x08005b9e   Data        1520  lcd.o(.constdata)
    Region$$Table$$Base                      0x08006208   Number         0  anon$$obj.o(Region$$Table)
    Region$$Table$$Limit                     0x08006228   Number         0  anon$$obj.o(Region$$Table)
    state                                    0x20000000   Data           1  main.o(.data)
    SystemCoreClock                          0x20000004   Data           4  system_stm32f10x.o(.data)
    AHBPrescTable                            0x20000008   Data          16  system_stm32f10x.o(.data)
    POINT_COLOR                              0x2000001a   Data           2  lcd.o(.data)
    BACK_COLOR                               0x2000001c   Data           2  lcd.o(.data)
    SPI_FLASH_TYPE                           0x2000001e   Data           2  flash.o(.data)
    tp_dev                                   0x20000020   Data          40  touch.o(.data)
    CMD_RDX                                  0x20000048   Data           1  touch.o(.data)
    CMD_RDY                                  0x20000049   Data           1  touch.o(.data)
    SAVE_ADDR_BASE                           0x2000004a   Data           2  touch.o(.data)
    TP_REMIND_MSG_TBL                        0x2000004c   Data           4  touch.o(.data)
    USART_RX_STA                             0x20000054   Data           2  usart.o(.data)
    __stdout                                 0x20000058   Data           4  usart.o(.data)
    lcddev                                   0x20000070   Data          10  lcd.o(.bss)
    SPI_FLASH_BUF                            0x2000007a   Data        4096  flash.o(.bss)
    USART_RX_BUF                             0x2000107a   Data         200  usart.o(.bss)
    __libspace_start                         0x20001144   Data          96  libspace.o(.bss)
    __temporary_stack_top$libspace           0x200011a4   Data           0  libspace.o(.bss)



==============================================================================

Memory Map of the image

  Image Entry point : 0x08000131

  Load Region LR_IROM1 (Base: 0x08000000, Size: 0x00006298, Max: 0x00080000, ABSOLUTE)

    Execution Region ER_IROM1 (Base: 0x08000000, Size: 0x00006228, Max: 0x00080000, ABSOLUTE)

    Base Addr    Size         Type   Attr      Idx    E Section Name        Object

    0x08000000   0x00000130   Data   RO          399    RESET               startup_stm32f10x_hd.o
    0x08000130   0x00000008   Code   RO          484  * !!!main             c_w.l(__main.o)
    0x08000138   0x00000034   Code   RO          715    !!!scatter          c_w.l(__scatter.o)
    0x0800016c   0x0000001a   Code   RO          717    !!handler_copy      c_w.l(__scatter_copy.o)
    0x08000186   0x00000002   PAD
    0x08000188   0x0000001c   Code   RO          719    !!handler_zi        c_w.l(__scatter_zi.o)
    0x080001a4   0x00000006   Code   RO          591    .ARM.Collect$$libinit$$00000000  c_w.l(libinit.o)
    0x080001aa   0x00000000   Code   RO          596    .ARM.Collect$$libinit$$00000006  c_w.l(libinit2.o)
    0x080001aa   0x00000000   Code   RO          598    .ARM.Collect$$libinit$$00000008  c_w.l(libinit2.o)
    0x080001aa   0x00000000   Code   RO          600    .ARM.Collect$$libinit$$0000000A  c_w.l(libinit2.o)
    0x080001aa   0x00000000   Code   RO          603    .ARM.Collect$$libinit$$0000000D  c_w.l(libinit2.o)
    0x080001aa   0x00000000   Code   RO          605    .ARM.Collect$$libinit$$0000000F  c_w.l(libinit2.o)
    0x080001aa   0x00000000   Code   RO          607    .ARM.Collect$$libinit$$00000011  c_w.l(libinit2.o)
    0x080001aa   0x00000000   Code   RO          609    .ARM.Collect$$libinit$$00000013  c_w.l(libinit2.o)
    0x080001aa   0x00000000   Code   RO          611    .ARM.Collect$$libinit$$00000015  c_w.l(libinit2.o)
    0x080001aa   0x00000000   Code   RO          613    .ARM.Collect$$libinit$$00000017  c_w.l(libinit2.o)
    0x080001aa   0x00000000   Code   RO          615    .ARM.Collect$$libinit$$00000019  c_w.l(libinit2.o)
    0x080001aa   0x00000000   Code   RO          617    .ARM.Collect$$libinit$$0000001B  c_w.l(libinit2.o)
    0x080001aa   0x00000000   Code   RO          619    .ARM.Collect$$libinit$$0000001D  c_w.l(libinit2.o)
    0x080001aa   0x00000000   Code   RO          621    .ARM.Collect$$libinit$$0000001F  c_w.l(libinit2.o)
    0x080001aa   0x00000000   Code   RO          623    .ARM.Collect$$libinit$$00000021  c_w.l(libinit2.o)
    0x080001aa   0x00000000   Code   RO          627    .ARM.Collect$$libinit$$00000028  c_w.l(libinit2.o)
    0x080001aa   0x00000000   Code   RO          629    .ARM.Collect$$libinit$$0000002A  c_w.l(libinit2.o)
    0x080001aa   0x00000000   Code   RO          631    .ARM.Collect$$libinit$$0000002C  c_w.l(libinit2.o)
    0x080001aa   0x00000000   Code   RO          633    .ARM.Collect$$libinit$$0000002E  c_w.l(libinit2.o)
    0x080001aa   0x00000002   Code   RO          634    .ARM.Collect$$libinit$$0000002F  c_w.l(libinit2.o)
    0x080001ac   0x00000002   Code   RO          658    .ARM.Collect$$libshutdown$$00000000  c_w.l(libshutdown.o)
    0x080001ae   0x00000000   Code   RO          669    .ARM.Collect$$libshutdown$$00000003  c_w.l(libshutdown2.o)
    0x080001ae   0x00000000   Code   RO          672    .ARM.Collect$$libshutdown$$00000006  c_w.l(libshutdown2.o)
    0x080001ae   0x00000000   Code   RO          675    .ARM.Collect$$libshutdown$$00000009  c_w.l(libshutdown2.o)
    0x080001ae   0x00000000   Code   RO          677    .ARM.Collect$$libshutdown$$0000000B  c_w.l(libshutdown2.o)
    0x080001ae   0x00000000   Code   RO          680    .ARM.Collect$$libshutdown$$0000000E  c_w.l(libshutdown2.o)
    0x080001ae   0x00000002   Code   RO          681    .ARM.Collect$$libshutdown$$0000000F  c_w.l(libshutdown2.o)
    0x080001b0   0x00000000   Code   RO          538    .ARM.Collect$$rtentry$$00000000  c_w.l(rtentry.o)
    0x080001b0   0x00000000   Code   RO          556    .ARM.Collect$$rtentry$$00000002  c_w.l(rtentry2.o)
    0x080001b0   0x00000006   Code   RO          571    .ARM.Collect$$rtentry$$00000004  c_w.l(rtentry4.o)
    0x080001b6   0x00000000   Code   RO          558    .ARM.Collect$$rtentry$$00000009  c_w.l(rtentry2.o)
    0x080001b6   0x00000004   Code   RO          559    .ARM.Collect$$rtentry$$0000000A  c_w.l(rtentry2.o)
    0x080001ba   0x00000000   Code   RO          561    .ARM.Collect$$rtentry$$0000000C  c_w.l(rtentry2.o)
    0x080001ba   0x00000008   Code   RO          562    .ARM.Collect$$rtentry$$0000000D  c_w.l(rtentry2.o)
    0x080001c2   0x00000002   Code   RO          592    .ARM.Collect$$rtexit$$00000000  c_w.l(rtexit.o)
    0x080001c4   0x00000000   Code   RO          638    .ARM.Collect$$rtexit$$00000002  c_w.l(rtexit2.o)
    0x080001c4   0x00000004   Code   RO          639    .ARM.Collect$$rtexit$$00000003  c_w.l(rtexit2.o)
    0x080001c8   0x00000006   Code   RO          640    .ARM.Collect$$rtexit$$00000004  c_w.l(rtexit2.o)
    0x080001ce   0x00000002   PAD
    0x080001d0   0x000002e4   Code   RO            1    .text               main.o
    0x080004b4   0x0000001a   Code   RO          148    .text               stm32f10x_it.o
    0x080004ce   0x00000002   PAD
    0x080004d0   0x000001e0   Code   RO          189    .text               system_stm32f10x.o
    0x080006b0   0x00000074   Code   RO          207    .text               led.o
    0x08000724   0x0000010c   Code   RO          219    .text               key.o
    0x08000830   0x00000af0   Code   RO          232    .text               lcd.o
    0x08001320   0x00000258   Code   RO          279    .text               spi.o
    0x08001578   0x000003ec   Code   RO          295    .text               flash.o
    0x08001964   0x00001038   Code   RO          314    .text               touch.o
    0x0800299c   0x000000d4   Code   RO          337    .text               delay.o
    0x08002a70   0x00000094   Code   RO          351    .text               sys.o
    0x08002b04   0x00000160   Code   RO          363    .text               usart.o
    0x08002c64   0x00000040   Code   RO          400    .text               startup_stm32f10x_hd.o
    0x08002ca4   0x000003ac   Code   RO          416    .text               stm32f10x_gpio.o
    0x08003050   0x00000414   Code   RO          428    .text               stm32f10x_rcc.o
    0x08003464   0x00000390   Code   RO          442    .text               stm32f10x_spi.o
    0x080037f4   0x000004a6   Code   RO          454    .text               stm32f10x_usart.o
    0x08003c9a   0x00000002   PAD
    0x08003c9c   0x00000100   Code   RO          466    .text               misc.o
    0x08003d9c   0x00000002   Code   RO          480    .text               c_w.l(use_no_semi_2.o)
    0x08003d9e   0x00000006   Code   RO          482    .text               c_w.l(heapauxi.o)
    0x08003da4   0x00000002   Code   RO          536    .text               c_w.l(use_no_semi.o)
    0x08003da6   0x00000016   Code   RO          540    .text               c_w.l(_rserrno.o)
    0x08003dbc   0x00000008   Code   RO          576    .text               c_w.l(rt_errno_addr_intlibspace.o)
    0x08003dc4   0x00000008   Code   RO          578    .text               c_w.l(libspace.o)
    0x08003dcc   0x0000004a   Code   RO          581    .text               c_w.l(sys_stackheap_outer.o)
    0x08003e16   0x0000000c   Code   RO          583    .text               c_w.l(exit.o)
    0x08003e22   0x00000002   PAD
    0x08003e24   0x00000008   Code   RO          648    .text               c_w.l(rt_fp_status_addr_intlibspace.o)
    0x08003e2c   0x0000004c   Code   RO          529    i.sqrt              m_ws.l(sqrt.o)
    0x08003e78   0x00000018   Code   RO          542    x$fpl$dcmpinf       fz_ws.l(dcmpi.o)
    0x08003e90   0x0000005a   Code   RO          486    x$fpl$dfixu         fz_ws.l(dfixu.o)
    0x08003eea   0x00000026   Code   RO          490    x$fpl$dfltu         fz_ws.l(dflt_clz.o)
    0x08003f10   0x00000078   Code   RO          496    x$fpl$dleqf         fz_ws.l(dleqf.o)
    0x08003f88   0x0000009c   Code   RO          544    x$fpl$dnaninf       fz_ws.l(dnaninf.o)
    0x08004024   0x0000000c   Code   RO          546    x$fpl$dretinf       fz_ws.l(dretinf.o)
    0x08004030   0x0000006c   Code   RO          498    x$fpl$drleqf        fz_ws.l(drleqf.o)
    0x0800409c   0x000001cc   Code   RO          548    x$fpl$dsqrt         fz_ws.l(dsqrt_noumaal.o)
    0x08004268   0x00000056   Code   RO          500    x$fpl$f2d           fz_ws.l(f2d.o)
    0x080042be   0x00000002   PAD
    0x080042c0   0x000000c4   Code   RO          502    x$fpl$fadd          fz_ws.l(faddsub_clz.o)
    0x08004384   0x00000184   Code   RO          509    x$fpl$fdiv          fz_ws.l(fdiv.o)
    0x08004508   0x00000036   Code   RO          512    x$fpl$ffix          fz_ws.l(ffix.o)
    0x0800453e   0x00000002   PAD
    0x08004540   0x0000003e   Code   RO          516    x$fpl$ffixu         fz_ws.l(ffixu.o)
    0x0800457e   0x00000002   PAD
    0x08004580   0x00000030   Code   RO          521    x$fpl$fflt          fz_ws.l(fflt_clz.o)
    0x080045b0   0x00000026   Code   RO          520    x$fpl$ffltu         fz_ws.l(fflt_clz.o)
    0x080045d6   0x00000002   PAD
    0x080045d8   0x00000102   Code   RO          526    x$fpl$fmul          fz_ws.l(fmul.o)
    0x080046da   0x0000008c   Code   RO          550    x$fpl$fnaninf       fz_ws.l(fnaninf.o)
    0x08004766   0x0000000e   Code   RO          635    x$fpl$fpinit        fz_ws.l(fpinit.o)
    0x08004774   0x0000000a   Code   RO          552    x$fpl$fretinf       fz_ws.l(fretinf.o)
    0x0800477e   0x00000002   PAD
    0x08004780   0x000000ea   Code   RO          504    x$fpl$fsub          fz_ws.l(faddsub_clz.o)
    0x0800486a   0x00000000   Code   RO          554    x$fpl$usenofp       fz_ws.l(usenofp.o)
    0x0800486a   0x00001924   Data   RO          234    .constdata          lcd.o
    0x0800618e   0x00000079   Data   RO          315    .conststring        touch.o
    0x08006207   0x00000001   PAD
    0x08006208   0x00000020   Data   RO          713    Region$$Table       anon$$obj.o


    Execution Region RW_IRAM1 (Base: 0x20000000, Size: 0x000017a8, Max: 0x00010000, ABSOLUTE)

    Base Addr    Size         Type   Attr      Idx    E Section Name        Object

    0x20000000   0x00000001   Data   RW            2    .data               main.o
    0x20000001   0x00000003   PAD
    0x20000004   0x00000014   Data   RW          190    .data               system_stm32f10x.o
    0x20000018   0x00000001   Data   RW          220    .data               key.o
    0x20000019   0x00000001   PAD
    0x2000001a   0x00000004   Data   RW          235    .data               lcd.o
    0x2000001e   0x00000002   Data   RW          297    .data               flash.o
    0x20000020   0x00000030   Data   RW          316    .data               touch.o
    0x20000050   0x00000004   Data   RW          338    .data               delay.o
    0x20000054   0x00000008   Data   RW          365    .data               usart.o
    0x2000005c   0x00000014   Data   RW          429    .data               stm32f10x_rcc.o
    0x20000070   0x0000000a   Zero   RW          233    .bss                lcd.o
    0x2000007a   0x00001000   Zero   RW          296    .bss                flash.o
    0x2000107a   0x000000c8   Zero   RW          364    .bss                usart.o
    0x20001142   0x00000002   PAD
    0x20001144   0x00000060   Zero   RW          579    .bss                c_w.l(libspace.o)
    0x200011a4   0x00000004   PAD
    0x200011a8   0x00000200   Zero   RW          398    HEAP                startup_stm32f10x_hd.o
    0x200013a8   0x00000400   Zero   RW          397    STACK               startup_stm32f10x_hd.o


==============================================================================

Image component sizes


      Code (inc. data)   RO Data    RW Data    ZI Data      Debug   Object Name

         0          0          0          0          0         32   core_cm3.o
       212         18          0          4          0        987   delay.o
      1004         30          0          2       4096       4461   flash.o
       268         12          0          1          0        816   key.o
      2800         76       6436          4         10      11263   lcd.o
       116         14          0          0          0        479   led.o
       740         64          0          1          0     240581   main.o
       256         30          0          0          0       1761   misc.o
       600         22          0          0          0       1989   spi.o
        64         26        304          0       1536        772   startup_stm32f10x_hd.o
       940         46          0          0          0       5741   stm32f10x_gpio.o
        26          0          0          0          0       1154   stm32f10x_it.o
      1044         52          0         20          0       8904   stm32f10x_rcc.o
       912         12          0          0          0       6626   stm32f10x_spi.o
      1190         22          0          0          0       8460   stm32f10x_usart.o
       148          0          0          0          0        910   sys.o
       480         36          0         20          0       1679   system_stm32f10x.o
      4152        234        121         48          0       6600   touch.o
       352         22          0          8        200       2990   usart.o

    ----------------------------------------------------------------------
     15308        716       6894        112       5844     306205   Object Totals
         0          0         32          0          0          0   (incl. Generated)
         4          0          1          4          2          0   (incl. Padding)

    ----------------------------------------------------------------------

      Code (inc. data)   RO Data    RW Data    ZI Data      Debug   Library Member Name

         8          0          0          0          0         68   __main.o
        52          8          0          0          0          0   __scatter.o
        26          0          0          0          0          0   __scatter_copy.o
        28          0          0          0          0          0   __scatter_zi.o
        22          0          0          0          0        100   _rserrno.o
        12          0          0          0          0         72   exit.o
         6          0          0          0          0        152   heapauxi.o
         6          0          0          0          0          0   libinit.o
         2          0          0          0          0          0   libinit2.o
         2          0          0          0          0          0   libshutdown.o
         2          0          0          0          0          0   libshutdown2.o
         8          4          0          0         96         68   libspace.o
         8          4          0          0          0         68   rt_errno_addr_intlibspace.o
         8          4          0          0          0         68   rt_fp_status_addr_intlibspace.o
         0          0          0          0          0          0   rtentry.o
        12          0          0          0          0          0   rtentry2.o
         6          0          0          0          0          0   rtentry4.o
         2          0          0          0          0          0   rtexit.o
        10          0          0          0          0          0   rtexit2.o
        74          0          0          0          0         80   sys_stackheap_outer.o
         2          0          0          0          0         68   use_no_semi.o
         2          0          0          0          0         68   use_no_semi_2.o
        24          0          0          0          0         68   dcmpi.o
        90          4          0          0          0         92   dfixu.o
        38          0          0          0          0         68   dflt_clz.o
       120          4          0          0          0         92   dleqf.o
       156          4          0          0          0         92   dnaninf.o
        12          0          0          0          0         68   dretinf.o
       108          0          0          0          0         80   drleqf.o
       460         56          0          0          0        120   dsqrt_noumaal.o
        86          4          0          0          0         84   f2d.o
       430          8          0          0          0        168   faddsub_clz.o
       388         76          0          0          0         96   fdiv.o
        54          4          0          0          0         84   ffix.o
        62          4          0          0          0         84   ffixu.o
        86          0          0          0          0        136   fflt_clz.o
       258          4          0          0          0         84   fmul.o
       140          4          0          0          0         84   fnaninf.o
        14          0          0          0          0         76   fpinit.o
        10          0          0          0          0         68   fretinf.o
         0          0          0          0          0          0   usenofp.o
        76          0          0          0          0         84   sqrt.o

    ----------------------------------------------------------------------
      2926        192          0          0        100       2540   Library Totals
        16          0          0          0          4          0   (incl. Padding)

    ----------------------------------------------------------------------

      Code (inc. data)   RO Data    RW Data    ZI Data      Debug   Library Name

       298         20          0          0         96        812   c_w.l
      2536        172          0          0          0       1644   fz_ws.l
        76          0          0          0          0         84   m_ws.l

    ----------------------------------------------------------------------
      2926        192          0          0        100       2540   Library Totals

    ----------------------------------------------------------------------

==============================================================================


      Code (inc. data)   RO Data    RW Data    ZI Data      Debug   

     18234        908       6894        112       5944     305781   Grand Totals
     18234        908       6894        112       5944     305781   ELF Image Totals
     18234        908       6894        112          0          0   ROM Totals

==============================================================================

    Total RO  Size (Code + RO Data)                25128 (  24.54kB)
    Total RW  Size (RW Data + ZI Data)              6056 (   5.91kB)
    Total ROM Size (Code + RO Data + RW Data)      25240 (  24.65kB)

==============================================================================

